#
# There is insufficient memory for the Java Runtime Environment to continue.
# Native memory allocation (malloc) failed to allocate 1231840 bytes. Error detail: Chunk::new
# Possible reasons:
#   The system is out of physical RAM or swap space
#   This process is running with CompressedOops enabled, and the Java Heap may be blocking the growth of the native heap
# Possible solutions:
#   Reduce memory load on the system
#   Increase physical memory or swap space
#   Check if swap backing store is full
#   Decrease Java heap size (-Xmx/-Xms)
#   Decrease number of Java threads
#   Decrease Java thread stack sizes (-Xss)
#   Set larger code cache with -XX:ReservedCodeCacheSize=
#   JVM is running with Unscaled Compressed Oops mode in which the Java heap is
#     placed in the first 4GB address space. The Java Heap base address is the
#     maximum limit for the native heap growth. Please use -XX:HeapBaseMinAddress
#     to set the Java Heap base and to place the Java Heap above 4GB virtual address.
# This output file may be truncated or incomplete.
#
#  Out of Memory Error (arena.cpp:168), pid=47688, tid=29256
#
# JRE version: OpenJDK Runtime Environment Temurin-21.0.10+7 (21.0.10+7) (build 21.0.10+7-LTS)
# Java VM: OpenJDK 64-Bit Server VM Temurin-21.0.10+7 (21.0.10+7-LTS, mixed mode, sharing, tiered, compressed oops, compressed class ptrs, parallel gc, windows-amd64)
# No core dump will be written. Minidumps are not enabled by default on client versions of Windows
#

---------------  S U M M A R Y ------------

Command Line: --add-modules=ALL-SYSTEM --add-opens=java.base/java.util=ALL-UNNAMED --add-opens=java.base/java.lang=ALL-UNNAMED --add-opens=java.base/sun.nio.fs=ALL-UNNAMED -Declipse.application=org.eclipse.jdt.ls.core.id1 -Dosgi.bundles.defaultStartLevel=4 -Declipse.product=org.eclipse.jdt.ls.core.product -Djava.import.generatesMetadataFilesAtProjectRoot=false -DDetectVMInstallationsJob.disabled=true -Dfile.encoding=utf8 -XX:+UseParallelGC -XX:GCTimeRatio=4 -XX:AdaptiveSizePolicyWeight=90 -Dsun.zip.disableMemoryMapping=true -Xmx2G -Xms100m -Xlog:disable -javaagent:c:\Users\Nam Thang\.vscode\extensions\redhat.java-1.54.0-win32-x64\lombok\lombok-1.18.39-4050.jar -XX:+HeapDumpOnOutOfMemoryError -XX:HeapDumpPath=c:\Users\Nam Thang\AppData\Roaming\Code\User\workspaceStorage\79aa45896517b3f7a4f8120da649a138\redhat.java -Daether.dependencyCollector.impl=bf c:\Users\Nam Thang\.vscode\extensions\redhat.java-1.54.0-win32-x64\server\plugins\org.eclipse.equinox.launcher_1.7.100.v20251111-0406.jar -configuration c:\Users\Nam Thang\AppData\Roaming\Code\User\globalStorage\redhat.java\1.54.0\config_win -data c:\Users\Nam Thang\AppData\Roaming\Code\User\workspaceStorage\79aa45896517b3f7a4f8120da649a138\redhat.java\jdt_ws --pipe=\\.\pipe\lsp-e4e01ece964ee0e72d9e56b835062cb8-sock

Host: AMD Ryzen 7 7735HS with Radeon Graphics        , 16 cores, 15G,  Windows 11 , 64 bit Build 26100 (10.0.26100.8328)
Time: Fri Jun  5 14:03:37 2026 SE Asia Standard Time elapsed time: 24.240182 seconds (0d 0h 0m 24s)

---------------  T H R E A D  ---------------

Current thread (0x0000025169775aa0):  JavaThread "C2 CompilerThread3" daemon [_thread_in_native, id=29256, stack(0x000000a1c6a00000,0x000000a1c6b00000) (1024K)]


Current CompileTask:
C2:24240 13112       4       org.eclipse.osgi.internal.loader.BundleLoader::addExportedProvidersFor (167 bytes)

Stack: [0x000000a1c6a00000,0x000000a1c6b00000]
Native frames: (J=compiled Java code, j=interpreted, Vv=VM code, C=native code)
V  [jvm.dll+0x6d7a39]
V  [jvm.dll+0x8b4b26]
V  [jvm.dll+0x8b70de]
V  [jvm.dll+0x8b77c3]
V  [jvm.dll+0x284346]
V  [jvm.dll+0xc66ed]
V  [jvm.dll+0xc6c31]
V  [jvm.dll+0x3bec3b]
V  [jvm.dll+0x38b162]
V  [jvm.dll+0x38a5aa]
V  [jvm.dll+0x24c560]
V  [jvm.dll+0x24bb40]
V  [jvm.dll+0x1cb34e]
V  [jvm.dll+0x25b85d]
V  [jvm.dll+0x259dea]
V  [jvm.dll+0x3f857e]
V  [jvm.dll+0x85f59d]
V  [jvm.dll+0x6d626d]
C  [ucrtbase.dll+0x37b0]
C  [KERNEL32.DLL+0x2e957]
C  [ntdll.dll+0x427c]


---------------  P R O C E S S  ---------------

Threads class SMR info:
_java_thread_list=0x00000251691be640, length=96, elements={
0x0000025148d0a690, 0x0000025148cb6fb0, 0x0000025148cb7c70, 0x0000025148db7f80,
0x0000025148dba880, 0x0000025148dbc270, 0x0000025148dc2370, 0x0000025160a7d090,
0x0000025148dce690, 0x0000025160cecf10, 0x0000025160ced5a0, 0x0000025160cedc30,
0x0000025160cee950, 0x0000025160ceefe0, 0x0000025160cef670, 0x0000025160cefd00,
0x0000025160cf0390, 0x00000251677aa090, 0x0000025167269be0, 0x00000251677a9a00,
0x00000251677adba0, 0x00000251677ac160, 0x00000251677ae230, 0x000002516774a030,
0x00000251677ace80, 0x00000251677ae8c0, 0x0000025169775aa0, 0x00000251677ad510,
0x00000251677ab440, 0x00000251677aef50, 0x00000251677abad0, 0x00000251677b0990,
0x00000251677af5e0, 0x00000251677b1020, 0x00000251677afc70, 0x00000251677b0300,
0x000002516a055770, 0x000002516a055e00, 0x000002516a052980, 0x000002516a0550e0,
0x000002516a053010, 0x000002516a0543c0, 0x000002516a056490, 0x000002516a054a50,
0x000002516a056b20, 0x000002516a0536a0, 0x000002516a0571b0, 0x000002516a053d30,
0x000002516a058560, 0x000002516a058bf0, 0x000002516a059fa0, 0x000002516a057ed0,
0x000002516a059280, 0x000002516a059910, 0x000002516b1d1a50, 0x000002516b1d20e0,
0x000002516b1d3490, 0x000002516b1d2770, 0x000002516b1d3b20, 0x000002516b1d41b0,
0x000002516b1d0d30, 0x000002516b1d2e00, 0x000002516b1d4840, 0x000002516b1d13c0,
0x000002516b1d5560, 0x000002516b1d7630, 0x000002516b1d5bf0, 0x000002516b1d7cc0,
0x000002516b1d6280, 0x000002516b1d8350, 0x000002516b1d6910, 0x000002516b1d4ed0,
0x000002516b1d6fa0, 0x000002516ac914b0, 0x000002516ac91b40, 0x000002516ac8ed50,
0x000002516ac921d0, 0x000002516ac90100, 0x000002516ac90790, 0x000002516ac90e20,
0x000002516ac92ef0, 0x000002516ac8fa70, 0x000002516ac95650, 0x000002516ac942a0,
0x000002516ac94fc0, 0x000002516ac93c10, 0x000002516ac94930, 0x000002516ac95ce0,
0x000002516ac96370, 0x000002517424f180, 0x000002517424e460, 0x000002517424eaf0,
0x000002517424f810, 0x000002517424fea0, 0x000002516b378670, 0x000002517424d0b0
}

Java Threads: ( => current thread )
  0x0000025148d0a690 JavaThread "main"                              [_thread_blocked, id=47564, stack(0x000000a1c3e00000,0x000000a1c3f00000) (1024K)]
  0x0000025148cb6fb0 JavaThread "Reference Handler"          daemon [_thread_blocked, id=37516, stack(0x000000a1c4200000,0x000000a1c4300000) (1024K)]
  0x0000025148cb7c70 JavaThread "Finalizer"                  daemon [_thread_blocked, id=43476, stack(0x000000a1c4300000,0x000000a1c4400000) (1024K)]
  0x0000025148db7f80 JavaThread "Signal Dispatcher"          daemon [_thread_blocked, id=34520, stack(0x000000a1c4400000,0x000000a1c4500000) (1024K)]
  0x0000025148dba880 JavaThread "Attach Listener"            daemon [_thread_blocked, id=6792, stack(0x000000a1c4500000,0x000000a1c4600000) (1024K)]
  0x0000025148dbc270 JavaThread "Service Thread"             daemon [_thread_blocked, id=44364, stack(0x000000a1c4600000,0x000000a1c4700000) (1024K)]
  0x0000025148dc2370 JavaThread "Monitor Deflation Thread"   daemon [_thread_blocked, id=22312, stack(0x000000a1c4700000,0x000000a1c4800000) (1024K)]
  0x0000025160a7d090 JavaThread "C2 CompilerThread0"         daemon [_thread_in_native, id=37364, stack(0x000000a1c4800000,0x000000a1c4900000) (1024K)]
  0x0000025148dce690 JavaThread "C1 CompilerThread0"         daemon [_thread_blocked, id=3312, stack(0x000000a1c4900000,0x000000a1c4a00000) (1024K)]
  0x0000025160cecf10 JavaThread "Common-Cleaner"             daemon [_thread_blocked, id=38732, stack(0x000000a1c4c00000,0x000000a1c4d00000) (1024K)]
  0x0000025160ced5a0 JavaThread "Notification Thread"        daemon [_thread_blocked, id=2612, stack(0x000000a1c4f00000,0x000000a1c5000000) (1024K)]
  0x0000025160cedc30 JavaThread "Active Thread: Equinox Container: 7c9b23c8-392f-49af-a446-e200c8960c0e"        [_thread_blocked, id=26992, stack(0x000000a1c5800000,0x000000a1c5900000) (1024K)]
  0x0000025160cee950 JavaThread "Refresh Thread: Equinox Container: 7c9b23c8-392f-49af-a446-e200c8960c0e" daemon [_thread_blocked, id=31808, stack(0x000000a1c5a00000,0x000000a1c5b00000) (1024K)]
  0x0000025160ceefe0 JavaThread "Framework Event Dispatcher: Equinox Container: 7c9b23c8-392f-49af-a446-e200c8960c0e" daemon [_thread_blocked, id=41848, stack(0x000000a1c5b00000,0x000000a1c5c00000) (1024K)]
  0x0000025160cef670 JavaThread "Start Level: Equinox Container: 7c9b23c8-392f-49af-a446-e200c8960c0e" daemon [_thread_blocked, id=25148, stack(0x000000a1c5c00000,0x000000a1c5d00000) (1024K)]
  0x0000025160cefd00 JavaThread "Bundle File Closer"         daemon [_thread_blocked, id=44808, stack(0x000000a1c6000000,0x000000a1c6100000) (1024K)]
  0x0000025160cf0390 JavaThread "SCR Component Actor"        daemon [_thread_blocked, id=43048, stack(0x000000a1c4b00000,0x000000a1c4c00000) (1024K)]
  0x00000251677aa090 JavaThread "Worker-JM"                         [_thread_blocked, id=15556, stack(0x000000a1c5000000,0x000000a1c5100000) (1024K)]
  0x0000025167269be0 JavaThread "C2 CompilerThread1"         daemon [_thread_in_native, id=43688, stack(0x000000a1c6200000,0x000000a1c6300000) (1024K)]
  0x00000251677a9a00 JavaThread "JNA Cleaner"                daemon [_thread_blocked, id=26464, stack(0x000000a1c6400000,0x000000a1c6500000) (1024K)]
  0x00000251677adba0 JavaThread "Worker-0"                          [_thread_blocked, id=25468, stack(0x000000a1c6500000,0x000000a1c6600000) (1024K)]
  0x00000251677ac160 JavaThread "Worker-1"                          [_thread_blocked, id=34264, stack(0x000000a1c6600000,0x000000a1c6700000) (1024K)]
  0x00000251677ae230 JavaThread "Worker-2: Initialize Workspace"        [_thread_in_native, id=26524, stack(0x000000a1c6700000,0x000000a1c6800000) (1024K)]
  0x000002516774a030 JavaThread "C2 CompilerThread2"         daemon [_thread_in_native, id=12868, stack(0x000000a1c6300000,0x000000a1c6400000) (1024K)]
  0x00000251677ace80 JavaThread "Java indexing"              daemon [_thread_in_Java, id=38516, stack(0x000000a1c6800000,0x000000a1c6900000) (1024K)]
  0x00000251677ae8c0 JavaThread "Worker-3: Java indexing... "        [_thread_blocked, id=37420, stack(0x000000a1c6900000,0x000000a1c6a00000) (1024K)]
=>0x0000025169775aa0 JavaThread "C2 CompilerThread3"         daemon [_thread_in_native, id=29256, stack(0x000000a1c6a00000,0x000000a1c6b00000) (1024K)]
  0x00000251677ad510 JavaThread "Worker-4"                          [_thread_blocked, id=44920, stack(0x000000a1c6b00000,0x000000a1c6c00000) (1024K)]
  0x00000251677ab440 JavaThread "Worker-5"                          [_thread_blocked, id=37448, stack(0x000000a1c6e00000,0x000000a1c6f00000) (1024K)]
  0x00000251677aef50 JavaThread "Thread-1"                   daemon [_thread_in_native, id=11936, stack(0x000000a1c6f00000,0x000000a1c7000000) (1024K)]
  0x00000251677abad0 JavaThread "Thread-2"                   daemon [_thread_in_native, id=24044, stack(0x000000a1c7000000,0x000000a1c7100000) (1024K)]
  0x00000251677b0990 JavaThread "Thread-3"                   daemon [_thread_in_native, id=45728, stack(0x000000a1c7100000,0x000000a1c7200000) (1024K)]
  0x00000251677af5e0 JavaThread "Thread-4"                   daemon [_thread_in_native, id=5012, stack(0x000000a1c7200000,0x000000a1c7300000) (1024K)]
  0x00000251677b1020 JavaThread "Thread-5"                   daemon [_thread_in_native, id=26440, stack(0x000000a1c7300000,0x000000a1c7400000) (1024K)]
  0x00000251677afc70 JavaThread "Thread-6"                   daemon [_thread_in_native, id=28388, stack(0x000000a1c7400000,0x000000a1c7500000) (1024K)]
  0x00000251677b0300 JavaThread "Thread-7"                   daemon [_thread_in_native, id=47228, stack(0x000000a1c7500000,0x000000a1c7600000) (1024K)]
  0x000002516a055770 JavaThread "Thread-8"                   daemon [_thread_in_native, id=41184, stack(0x000000a1c7600000,0x000000a1c7700000) (1024K)]
  0x000002516a055e00 JavaThread "Thread-9"                   daemon [_thread_in_native, id=32332, stack(0x000000a1c7700000,0x000000a1c7800000) (1024K)]
  0x000002516a052980 JavaThread "Thread-10"                  daemon [_thread_in_native, id=24388, stack(0x000000a1c7800000,0x000000a1c7900000) (1024K)]
  0x000002516a0550e0 JavaThread "Thread-11"                  daemon [_thread_in_native, id=10040, stack(0x000000a1c7900000,0x000000a1c7a00000) (1024K)]
  0x000002516a053010 JavaThread "Thread-12"                  daemon [_thread_in_native, id=20844, stack(0x000000a1c7a00000,0x000000a1c7b00000) (1024K)]
  0x000002516a0543c0 JavaThread "Thread-13"                  daemon [_thread_in_native, id=31296, stack(0x000000a1c7b00000,0x000000a1c7c00000) (1024K)]
  0x000002516a056490 JavaThread "Thread-14"                  daemon [_thread_in_native, id=45364, stack(0x000000a1c7c00000,0x000000a1c7d00000) (1024K)]
  0x000002516a054a50 JavaThread "Thread-15"                  daemon [_thread_in_native, id=35560, stack(0x000000a1c7d00000,0x000000a1c7e00000) (1024K)]
  0x000002516a056b20 JavaThread "Thread-16"                  daemon [_thread_in_native, id=21072, stack(0x000000a1c7e00000,0x000000a1c7f00000) (1024K)]
  0x000002516a0536a0 JavaThread "Thread-17"                  daemon [_thread_in_native, id=22740, stack(0x000000a1c7f00000,0x000000a1c8000000) (1024K)]
  0x000002516a0571b0 JavaThread "pool-2-thread-1"                   [_thread_blocked, id=29280, stack(0x000000a1c8000000,0x000000a1c8100000) (1024K)]
  0x000002516a053d30 JavaThread "WorkspaceEventsHandler"            [_thread_blocked, id=8924, stack(0x000000a1c8100000,0x000000a1c8200000) (1024K)]
  0x000002516a058560 JavaThread "pool-1-thread-1"                   [_thread_blocked, id=21828, stack(0x000000a1c8200000,0x000000a1c8300000) (1024K)]
  0x000002516a058bf0 JavaThread "LocalFile Deleter"          daemon [_thread_blocked, id=15220, stack(0x000000a1c8300000,0x000000a1c8400000) (1024K)]
  0x000002516a059fa0 JavaThread "LocalFile Deleter"          daemon [_thread_blocked, id=40100, stack(0x000000a1c8400000,0x000000a1c8500000) (1024K)]
  0x000002516a057ed0 JavaThread "LocalFile Deleter"          daemon [_thread_blocked, id=37324, stack(0x000000a1c8500000,0x000000a1c8600000) (1024K)]
  0x000002516a059280 JavaThread "LocalFile Deleter"          daemon [_thread_blocked, id=43248, stack(0x000000a1c8600000,0x000000a1c8700000) (1024K)]
  0x000002516a059910 JavaThread "LocalFile Deleter"          daemon [_thread_blocked, id=43528, stack(0x000000a1c8700000,0x000000a1c8800000) (1024K)]
  0x000002516b1d1a50 JavaThread "LocalFile Deleter"          daemon [_thread_blocked, id=39376, stack(0x000000a1c8800000,0x000000a1c8900000) (1024K)]
  0x000002516b1d20e0 JavaThread "LocalFile Deleter"          daemon [_thread_blocked, id=23564, stack(0x000000a1c8900000,0x000000a1c8a00000) (1024K)]
  0x000002516b1d3490 JavaThread "LocalFile Deleter"          daemon [_thread_blocked, id=28744, stack(0x000000a1c8a00000,0x000000a1c8b00000) (1024K)]
  0x000002516b1d2770 JavaThread "LocalFile Deleter"          daemon [_thread_blocked, id=42700, stack(0x000000a1c8b00000,0x000000a1c8c00000) (1024K)]
  0x000002516b1d3b20 JavaThread "LocalFile Deleter"          daemon [_thread_blocked, id=39776, stack(0x000000a1c8c00000,0x000000a1c8d00000) (1024K)]
  0x000002516b1d41b0 JavaThread "LocalFile Deleter"          daemon [_thread_blocked, id=20772, stack(0x000000a1c8d00000,0x000000a1c8e00000) (1024K)]
  0x000002516b1d0d30 JavaThread "LocalFile Deleter"          daemon [_thread_blocked, id=9384, stack(0x000000a1c8e00000,0x000000a1c8f00000) (1024K)]
  0x000002516b1d2e00 JavaThread "LocalFile Deleter"          daemon [_thread_blocked, id=15368, stack(0x000000a1c8f00000,0x000000a1c9000000) (1024K)]
  0x000002516b1d4840 JavaThread "LocalFile Deleter"          daemon [_thread_blocked, id=46540, stack(0x000000a1c9000000,0x000000a1c9100000) (1024K)]
  0x000002516b1d13c0 JavaThread "LocalFile Deleter"          daemon [_thread_blocked, id=46384, stack(0x000000a1c9100000,0x000000a1c9200000) (1024K)]
  0x000002516b1d5560 JavaThread "LocalFile Deleter"          daemon [_thread_blocked, id=37512, stack(0x000000a1c9200000,0x000000a1c9300000) (1024K)]
  0x000002516b1d7630 JavaThread "Compiler Source File Reader" daemon [_thread_blocked, id=9688, stack(0x000000a1c9300000,0x000000a1c9400000) (1024K)]
  0x000002516b1d5bf0 JavaThread "Compiler Source File Reader" daemon [_thread_blocked, id=4140, stack(0x000000a1c9400000,0x000000a1c9500000) (1024K)]
  0x000002516b1d7cc0 JavaThread "Compiler Source File Reader" daemon [_thread_blocked, id=25232, stack(0x000000a1c9500000,0x000000a1c9600000) (1024K)]
  0x000002516b1d6280 JavaThread "Compiler Source File Reader" daemon [_thread_blocked, id=43176, stack(0x000000a1c9600000,0x000000a1c9700000) (1024K)]
  0x000002516b1d8350 JavaThread "Compiler Source File Reader" daemon [_thread_blocked, id=30208, stack(0x000000a1c9700000,0x000000a1c9800000) (1024K)]
  0x000002516b1d6910 JavaThread "Compiler Source File Reader" daemon [_thread_blocked, id=41376, stack(0x000000a1c9800000,0x000000a1c9900000) (1024K)]
  0x000002516b1d4ed0 JavaThread "Compiler Source File Reader" daemon [_thread_blocked, id=19972, stack(0x000000a1c9900000,0x000000a1c9a00000) (1024K)]
  0x000002516b1d6fa0 JavaThread "Compiler Source File Reader" daemon [_thread_blocked, id=19860, stack(0x000000a1c9a00000,0x000000a1c9b00000) (1024K)]
  0x000002516ac914b0 JavaThread "Compiler Source File Reader" daemon [_thread_blocked, id=41140, stack(0x000000a1c9b00000,0x000000a1c9c00000) (1024K)]
  0x000002516ac91b40 JavaThread "Compiler Source File Reader" daemon [_thread_blocked, id=15188, stack(0x000000a1c9c00000,0x000000a1c9d00000) (1024K)]
  0x000002516ac8ed50 JavaThread "Compiler Source File Reader" daemon [_thread_blocked, id=48124, stack(0x000000a1c9d00000,0x000000a1c9e00000) (1024K)]
  0x000002516ac921d0 JavaThread "Compiler Source File Reader" daemon [_thread_blocked, id=23488, stack(0x000000a1c9e00000,0x000000a1c9f00000) (1024K)]
  0x000002516ac90100 JavaThread "Compiler Source File Reader" daemon [_thread_blocked, id=25464, stack(0x000000a1c9f00000,0x000000a1ca000000) (1024K)]
  0x000002516ac90790 JavaThread "Compiler Source File Reader" daemon [_thread_blocked, id=940, stack(0x000000a1ca000000,0x000000a1ca100000) (1024K)]
  0x000002516ac90e20 JavaThread "Compiler Processing Task"   daemon [_thread_blocked, id=43620, stack(0x000000a1ca100000,0x000000a1ca200000) (1024K)]
  0x000002516ac92ef0 JavaThread "Compiler Class File Writer" daemon [_thread_blocked, id=40624, stack(0x000000a1ca200000,0x000000a1ca300000) (1024K)]
  0x000002516ac8fa70 JavaThread "Compiler Class File Writer" daemon [_thread_blocked, id=47152, stack(0x000000a1ca300000,0x000000a1ca400000) (1024K)]
  0x000002516ac95650 JavaThread "Compiler Class File Writer" daemon [_thread_blocked, id=37296, stack(0x000000a1ca400000,0x000000a1ca500000) (1024K)]
  0x000002516ac942a0 JavaThread "Compiler Class File Writer" daemon [_thread_blocked, id=14376, stack(0x000000a1ca500000,0x000000a1ca600000) (1024K)]
  0x000002516ac94fc0 JavaThread "Compiler Class File Writer" daemon [_thread_blocked, id=40516, stack(0x000000a1ca600000,0x000000a1ca700000) (1024K)]
  0x000002516ac93c10 JavaThread "Compiler Class File Writer" daemon [_thread_blocked, id=36224, stack(0x000000a1ca700000,0x000000a1ca800000) (1024K)]
  0x000002516ac94930 JavaThread "Compiler Class File Writer" daemon [_thread_blocked, id=33936, stack(0x000000a1ca800000,0x000000a1ca900000) (1024K)]
  0x000002516ac95ce0 JavaThread "Compiler Class File Writer" daemon [_thread_blocked, id=21216, stack(0x000000a1ca900000,0x000000a1caa00000) (1024K)]
  0x000002516ac96370 JavaThread "Compiler Class File Writer" daemon [_thread_blocked, id=25440, stack(0x000000a1caa00000,0x000000a1cab00000) (1024K)]
  0x000002517424f180 JavaThread "Compiler Class File Writer" daemon [_thread_blocked, id=42524, stack(0x000000a1cab00000,0x000000a1cac00000) (1024K)]
  0x000002517424e460 JavaThread "Compiler Class File Writer" daemon [_thread_blocked, id=37712, stack(0x000000a1cac00000,0x000000a1cad00000) (1024K)]
  0x000002517424eaf0 JavaThread "Compiler Class File Writer" daemon [_thread_blocked, id=30460, stack(0x000000a1cad00000,0x000000a1cae00000) (1024K)]
  0x000002517424f810 JavaThread "Compiler Class File Writer" daemon [_thread_blocked, id=22624, stack(0x000000a1cae00000,0x000000a1caf00000) (1024K)]
  0x000002517424fea0 JavaThread "Compiler Class File Writer" daemon [_thread_blocked, id=39408, stack(0x000000a1caf00000,0x000000a1cb000000) (1024K)]
  0x000002516b378670 JavaThread "C1 CompilerThread1"         daemon [_thread_blocked, id=26824, stack(0x000000a1c4a00000,0x000000a1c4b00000) (1024K)]
  0x000002517424d0b0 JavaThread "ProjectImportProgressReporter" daemon [_thread_blocked, id=23508, stack(0x000000a1c4d00000,0x000000a1c4e00000) (1024K)]
Total: 96

Other Threads:
  0x0000025148ca4900 VMThread "VM Thread"                           [id=38904, stack(0x000000a1c4100000,0x000000a1c4200000) (1024K)]
  0x0000025148d7c530 WatcherThread "VM Periodic Task Thread"        [id=43876, stack(0x000000a1c4000000,0x000000a1c4100000) (1024K)]
  0x0000025148d29a50 WorkerThread "GC Thread#0"                     [id=37472, stack(0x000000a1c3f00000,0x000000a1c4000000) (1024K)]
  0x0000025167334010 WorkerThread "GC Thread#1"                     [id=41612, stack(0x000000a1c5100000,0x000000a1c5200000) (1024K)]
  0x00000251673347c0 WorkerThread "GC Thread#2"                     [id=3112, stack(0x000000a1c5200000,0x000000a1c5300000) (1024K)]
  0x000002516717f0a0 WorkerThread "GC Thread#3"                     [id=22116, stack(0x000000a1c5300000,0x000000a1c5400000) (1024K)]
  0x000002516717f450 WorkerThread "GC Thread#4"                     [id=37404, stack(0x000000a1c5400000,0x000000a1c5500000) (1024K)]
  0x000002516717f800 WorkerThread "GC Thread#5"                     [id=23984, stack(0x000000a1c5500000,0x000000a1c5600000) (1024K)]
  0x000002516717fbb0 WorkerThread "GC Thread#6"                     [id=15028, stack(0x000000a1c5600000,0x000000a1c5700000) (1024K)]
  0x000002516722cfa0 WorkerThread "GC Thread#7"                     [id=36528, stack(0x000000a1c5900000,0x000000a1c5a00000) (1024K)]
  0x00000251676417f0 WorkerThread "GC Thread#8"                     [id=32936, stack(0x000000a1c5d00000,0x000000a1c5e00000) (1024K)]
  0x00000251671d9d00 WorkerThread "GC Thread#9"                     [id=14960, stack(0x000000a1c5e00000,0x000000a1c5f00000) (1024K)]
  0x00000251671da0b0 WorkerThread "GC Thread#10"                    [id=25392, stack(0x000000a1c5f00000,0x000000a1c6000000) (1024K)]
  0x0000025167b1d340 WorkerThread "GC Thread#11"                    [id=18452, stack(0x000000a1c5700000,0x000000a1c5800000) (1024K)]
  0x0000025167b1daa0 WorkerThread "GC Thread#12"                    [id=41112, stack(0x000000a1c6100000,0x000000a1c6200000) (1024K)]
Total: 15

Threads with active compile tasks:
C2 CompilerThread0  25290 13161       4       java.util.regex.Pattern::atom (422 bytes)
C2 CompilerThread1  25290 13053   !   4       org.eclipse.osgi.internal.loader.BundleLoader::findRequiredSource (283 bytes)
C2 CompilerThread2  25290 13182   !   4       java.nio.file.FileTreeWalker::next (144 bytes)
C2 CompilerThread3  25290 13112       4       org.eclipse.osgi.internal.loader.BundleLoader::addExportedProvidersFor (167 bytes)
Total: 4

VM state: not at safepoint (normal execution)

VM Mutex/Monitor currently owned by a thread: None

Heap address: 0x0000000080000000, size: 2048 MB, Compressed Oops mode: 32-bit

CDS archive(s) mapped at: [0x0000025100000000-0x0000025100ba0000-0x0000025100ba0000), size 12189696, SharedBaseAddress: 0x0000025100000000, ArchiveRelocationMode: 1.
Compressed class space mapped at: 0x0000025101000000-0x0000025141000000, reserved size: 1073741824
Narrow klass base: 0x0000025100000000, Narrow klass shift: 0, Narrow klass range: 0x100000000

GC Precious Log:
 CardTable entry size: 512
 CPUs: 16 total, 16 available
 Memory: 15610M
 Large Page Support: Disabled
 NUMA Support: Disabled
 Compressed Oops: Enabled (32-bit)
 Alignments: Space 512K, Generation 512K, Heap 2M
 Heap Min Capacity: 100M
 Heap Initial Capacity: 100M
 Heap Max Capacity: 2G
 Pre-touch: Disabled
 Parallel Workers: 13

Heap:
 PSYoungGen      total 3072K, used 2423K [0x00000000d5580000, 0x00000000d5a80000, 0x0000000100000000)
  eden space 1536K, 86% used [0x00000000d5580000,0x00000000d56cdda8,0x00000000d5700000)
  from space 1536K, 70% used [0x00000000d5700000,0x00000000d5810000,0x00000000d5880000)
  to   space 1536K, 0% used [0x00000000d5900000,0x00000000d5900000,0x00000000d5a80000)
 ParOldGen       total 378368K, used 377900K [0x0000000080000000, 0x0000000097180000, 0x00000000d5580000)
  object space 378368K, 99% used [0x0000000080000000,0x000000009710b2a8,0x0000000097180000)
 Metaspace       used 63845K, committed 65280K, reserved 1114112K
  class space    used 6614K, committed 7296K, reserved 1048576K

Card table byte_map: [0x00000251486b0000,0x0000025148ac0000] _byte_map_base: 0x00000251482b0000

Marking Bits: (ParMarkBitMap*) 0x00007ff87d333450
 Begin Bits: [0x000002515b1c0000, 0x000002515d1c0000)
 End Bits:   [0x000002515d1c0000, 0x000002515f1c0000)

Polling page: 0x0000025146ab0000

Metaspace:

Usage:
  Non-class:     55.89 MB used.
      Class:      6.46 MB used.
       Both:     62.35 MB used.

Virtual space:
  Non-class space:       64.00 MB reserved,      56.62 MB ( 88%) committed,  1 nodes.
      Class space:        1.00 GB reserved,       7.12 MB ( <1%) committed,  1 nodes.
             Both:        1.06 GB reserved,      63.75 MB (  6%) committed. 

Chunk freelists:
   Non-Class:  7.12 MB
       Class:  8.86 MB
        Both:  15.98 MB

MaxMetaspaceSize: unlimited
CompressedClassSpaceSize: 1.00 GB
Initial GC threshold: 21.00 MB
Current GC threshold: 105.00 MB
CDS: on
 - commit_granule_bytes: 65536.
 - commit_granule_words: 8192.
 - virtual_space_node_default_size: 8388608.
 - enlarge_chunks_in_place: 1.
 - use_allocation_guard: 0.


Internal statistics:

num_allocs_failed_limit: 9.
num_arena_births: 1222.
num_arena_deaths: 22.
num_vsnodes_births: 2.
num_vsnodes_deaths: 0.
num_space_committed: 1020.
num_space_uncommitted: 0.
num_chunks_returned_to_freelist: 35.
num_chunks_taken_from_freelist: 4343.
num_chunk_merges: 20.
num_chunk_splits: 2628.
num_chunks_enlarged: 1387.
num_inconsistent_stats: 0.

CodeHeap 'non-profiled nmethods': size=119168Kb used=7095Kb max_used=7501Kb free=112072Kb
 bounds [0x0000025153ab0000, 0x0000025154220000, 0x000002515af10000]
CodeHeap 'profiled nmethods': size=119104Kb used=24739Kb max_used=27936Kb free=94364Kb
 bounds [0x000002514bf10000, 0x000002514da60000, 0x0000025153360000]
CodeHeap 'non-nmethods': size=7488Kb used=1988Kb max_used=3191Kb free=5499Kb
 bounds [0x0000025153360000, 0x0000025153690000, 0x0000025153ab0000]
CodeCache: size=245760Kb, used=33822Kb, max_used=38628Kb, free=211935Kb
 total_blobs=11993, nmethods=11254, adapters=643, full_count=0
Compilation: enabled, stopped_count=0, restarted_count=0

Compilation events (20 events):
Event: 23.194 Thread 0x000002516b378670 nmethod 13149 0x000002514cd4a590 code [0x000002514cd4a7c0, 0x000002514cd4b028]
Event: 23.194 Thread 0x0000025148dce690 nmethod 13150 0x000002514c69cc90 code [0x000002514c69ce40, 0x000002514c69cfd8]
Event: 23.194 Thread 0x0000025148dce690 13151   !   3       org.eclipse.osgi.internal.framework.EquinoxBundle::loadClass (275 bytes)
Event: 23.197 Thread 0x0000025148dce690 nmethod 13151 0x000002514ce41a10 code [0x000002514ce41ee0, 0x000002514ce44220]
Event: 23.206 Thread 0x000002516b378670 13154       3       com.google.inject.Scopes$2::visitNoScoping (5 bytes)
Event: 23.206 Thread 0x0000025148dce690 13153       3       com.google.inject.Scopes$2::visitNoScoping (5 bytes)
Event: 23.207 Thread 0x000002516b378670 nmethod 13154 0x000002514c74f610 code [0x000002514c74f7c0, 0x000002514c74f940]
Event: 23.207 Thread 0x0000025148dce690 nmethod 13153 0x000002514c3f5110 code [0x000002514c3f52c0, 0x000002514c3f54b0]
Event: 23.213 Thread 0x0000025160a7d090 nmethod 13093 0x0000025153e32d10 code [0x0000025153e33140, 0x0000025153e35860]
Event: 23.214 Thread 0x0000025148dce690 13155       3       java.util.Calendar::getBaseStyle (6 bytes)
Event: 23.214 Thread 0x0000025148dce690 nmethod 13155 0x000002514c3b4d90 code [0x000002514c3b4f20, 0x000002514c3b5038]
Event: 23.215 Thread 0x0000025160a7d090 13138       4       java.util.HashMap::keysToArray (81 bytes)
Event: 23.218 Thread 0x000002516b378670 13157       1       java.nio.file.FileTreeWalker$DirectoryNode::directory (5 bytes)
Event: 23.219 Thread 0x000002516b378670 nmethod 13157 0x0000025153bdf010 code [0x0000025153bdf1a0, 0x0000025153bdf268]
Event: 23.220 Thread 0x0000025160a7d090 nmethod 13138 0x0000025153c17390 code [0x0000025153c17520, 0x0000025153c17710]
Event: 23.221 Thread 0x0000025160a7d090 13156       4       java.lang.String::regionMatches (150 bytes)
Event: 23.222 Thread 0x000002516b378670 13158       3       java.util.regex.Pattern$SliceNode::<init> (10 bytes)
Event: 23.222 Thread 0x000002516b378670 nmethod 13158 0x000002514c425790 code [0x000002514c425940, 0x000002514c425b40]
Event: 23.229 Thread 0x0000025148dce690 13160       3       sun.nio.fs.Globs::toRegexPattern (745 bytes)
Event: 23.232 Thread 0x000002516b378670 13162   !   3       java.nio.file.FileTreeWalker::visit (204 bytes)

GC Heap History (20 events):
Event: 23.100 GC heap before
{Heap before GC invocations=489 (full 4):
 PSYoungGen      total 2048K, used 1811K [0x00000000d5580000, 0x00000000d5880000, 0x0000000100000000)
  eden space 1024K, 100% used [0x00000000d5580000,0x00000000d5680000,0x00000000d5680000)
  from space 1024K, 76% used [0x00000000d5680000,0x00000000d5744fd0,0x00000000d5780000)
  to   space 1024K, 0% used [0x00000000d5780000,0x00000000d5780000,0x00000000d5880000)
 ParOldGen       total 377344K, used 369133K [0x0000000080000000, 0x0000000097080000, 0x00000000d5580000)
  object space 377344K, 97% used [0x0000000080000000,0x000000009687b650,0x0000000097080000)
 Metaspace       used 63324K, committed 64832K, reserved 1114112K
  class space    used 6563K, committed 7232K, reserved 1048576K
}
Event: 23.102 GC heap after
{Heap after GC invocations=489 (full 4):
 PSYoungGen      total 2048K, used 803K [0x00000000d5580000, 0x00000000d5880000, 0x0000000100000000)
  eden space 1024K, 0% used [0x00000000d5580000,0x00000000d5580000,0x00000000d5680000)
  from space 1024K, 78% used [0x00000000d5780000,0x00000000d5848ee8,0x00000000d5880000)
  to   space 1024K, 0% used [0x00000000d5680000,0x00000000d5680000,0x00000000d5780000)
 ParOldGen       total 377344K, used 369757K [0x0000000080000000, 0x0000000097080000, 0x00000000d5580000)
  object space 377344K, 97% used [0x0000000080000000,0x0000000096917618,0x0000000097080000)
 Metaspace       used 63324K, committed 64832K, reserved 1114112K
  class space    used 6563K, committed 7232K, reserved 1048576K
}
Event: 23.114 GC heap before
{Heap before GC invocations=490 (full 4):
 PSYoungGen      total 2048K, used 1827K [0x00000000d5580000, 0x00000000d5880000, 0x0000000100000000)
  eden space 1024K, 99% used [0x00000000d5580000,0x00000000d567ff50,0x00000000d5680000)
  from space 1024K, 78% used [0x00000000d5780000,0x00000000d5848ee8,0x00000000d5880000)
  to   space 1024K, 0% used [0x00000000d5680000,0x00000000d5680000,0x00000000d5780000)
 ParOldGen       total 377344K, used 369757K [0x0000000080000000, 0x0000000097080000, 0x00000000d5580000)
  object space 377344K, 97% used [0x0000000080000000,0x0000000096917618,0x0000000097080000)
 Metaspace       used 63394K, committed 64896K, reserved 1114112K
  class space    used 6568K, committed 7232K, reserved 1048576K
}
Event: 23.116 GC heap after
{Heap after GC invocations=490 (full 4):
 PSYoungGen      total 2048K, used 800K [0x00000000d5580000, 0x00000000d5880000, 0x0000000100000000)
  eden space 1024K, 0% used [0x00000000d5580000,0x00000000d5580000,0x00000000d5680000)
  from space 1024K, 78% used [0x00000000d5680000,0x00000000d5748000,0x00000000d5780000)
  to   space 1024K, 0% used [0x00000000d5780000,0x00000000d5780000,0x00000000d5880000)
 ParOldGen       total 377344K, used 370357K [0x0000000080000000, 0x0000000097080000, 0x00000000d5580000)
  object space 377344K, 98% used [0x0000000080000000,0x00000000969ad4f8,0x0000000097080000)
 Metaspace       used 63394K, committed 64896K, reserved 1114112K
  class space    used 6568K, committed 7232K, reserved 1048576K
}
Event: 23.123 GC heap before
{Heap before GC invocations=491 (full 4):
 PSYoungGen      total 2048K, used 1824K [0x00000000d5580000, 0x00000000d5880000, 0x0000000100000000)
  eden space 1024K, 100% used [0x00000000d5580000,0x00000000d5680000,0x00000000d5680000)
  from space 1024K, 78% used [0x00000000d5680000,0x00000000d5748000,0x00000000d5780000)
  to   space 1024K, 0% used [0x00000000d5780000,0x00000000d5780000,0x00000000d5880000)
 ParOldGen       total 377344K, used 370357K [0x0000000080000000, 0x0000000097080000, 0x00000000d5580000)
  object space 377344K, 98% used [0x0000000080000000,0x00000000969ad4f8,0x0000000097080000)
 Metaspace       used 63433K, committed 64896K, reserved 1114112K
  class space    used 6573K, committed 7232K, reserved 1048576K
}
Event: 23.126 GC heap after
{Heap after GC invocations=491 (full 4):
 PSYoungGen      total 1536K, used 1024K [0x00000000d5580000, 0x00000000d5b00000, 0x0000000100000000)
  eden space 512K, 0% used [0x00000000d5580000,0x00000000d5580000,0x00000000d5600000)
  from space 1024K, 100% used [0x00000000d5780000,0x00000000d5880000,0x00000000d5880000)
  to   space 1536K, 0% used [0x00000000d5600000,0x00000000d5600000,0x00000000d5780000)
 ParOldGen       total 377344K, used 370969K [0x0000000080000000, 0x0000000097080000, 0x00000000d5580000)
  object space 377344K, 98% used [0x0000000080000000,0x0000000096a464a8,0x0000000097080000)
 Metaspace       used 63433K, committed 64896K, reserved 1114112K
  class space    used 6573K, committed 7232K, reserved 1048576K
}
Event: 23.131 GC heap before
{Heap before GC invocations=492 (full 4):
 PSYoungGen      total 1536K, used 1535K [0x00000000d5580000, 0x00000000d5b00000, 0x0000000100000000)
  eden space 512K, 99% used [0x00000000d5580000,0x00000000d55ffff0,0x00000000d5600000)
  from space 1024K, 100% used [0x00000000d5780000,0x00000000d5880000,0x00000000d5880000)
  to   space 1536K, 0% used [0x00000000d5600000,0x00000000d5600000,0x00000000d5780000)
 ParOldGen       total 377344K, used 370969K [0x0000000080000000, 0x0000000097080000, 0x00000000d5580000)
  object space 377344K, 98% used [0x0000000080000000,0x0000000096a464a8,0x0000000097080000)
 Metaspace       used 63468K, committed 64960K, reserved 1114112K
  class space    used 6574K, committed 7232K, reserved 1048576K
}
Event: 23.133 GC heap after
{Heap after GC invocations=492 (full 4):
 PSYoungGen      total 2048K, used 487K [0x00000000d5580000, 0x00000000d5880000, 0x0000000100000000)
  eden space 512K, 0% used [0x00000000d5580000,0x00000000d5580000,0x00000000d5600000)
  from space 1536K, 31% used [0x00000000d5600000,0x00000000d5679fa0,0x00000000d5780000)
  to   space 1024K, 0% used [0x00000000d5780000,0x00000000d5780000,0x00000000d5880000)
 ParOldGen       total 377344K, used 371737K [0x0000000080000000, 0x0000000097080000, 0x00000000d5580000)
  object space 377344K, 98% used [0x0000000080000000,0x0000000096b064a8,0x0000000097080000)
 Metaspace       used 63468K, committed 64960K, reserved 1114112K
  class space    used 6574K, committed 7232K, reserved 1048576K
}
Event: 23.139 GC heap before
{Heap before GC invocations=493 (full 4):
 PSYoungGen      total 2048K, used 998K [0x00000000d5580000, 0x00000000d5880000, 0x0000000100000000)
  eden space 512K, 99% used [0x00000000d5580000,0x00000000d55ffa78,0x00000000d5600000)
  from space 1536K, 31% used [0x00000000d5600000,0x00000000d5679fa0,0x00000000d5780000)
  to   space 1024K, 0% used [0x00000000d5780000,0x00000000d5780000,0x00000000d5880000)
 ParOldGen       total 377344K, used 371737K [0x0000000080000000, 0x0000000097080000, 0x00000000d5580000)
  object space 377344K, 98% used [0x0000000080000000,0x0000000096b064a8,0x0000000097080000)
 Metaspace       used 63498K, committed 64960K, reserved 1114112K
  class space    used 6578K, committed 7232K, reserved 1048576K
}
Event: 23.141 GC heap after
{Heap after GC invocations=493 (full 4):
 PSYoungGen      total 2048K, used 448K [0x00000000d5580000, 0x00000000d5880000, 0x0000000100000000)
  eden space 1024K, 0% used [0x00000000d5580000,0x00000000d5580000,0x00000000d5680000)
  from space 1024K, 43% used [0x00000000d5780000,0x00000000d57f0000,0x00000000d5880000)
  to   space 1024K, 0% used [0x00000000d5680000,0x00000000d5680000,0x00000000d5780000)
 ParOldGen       total 377344K, used 372053K [0x0000000080000000, 0x0000000097080000, 0x00000000d5580000)
  object space 377344K, 98% used [0x0000000080000000,0x0000000096b55680,0x0000000097080000)
 Metaspace       used 63498K, committed 64960K, reserved 1114112K
  class space    used 6578K, committed 7232K, reserved 1048576K
}
Event: 23.152 GC heap before
{Heap before GC invocations=494 (full 4):
 PSYoungGen      total 2048K, used 1466K [0x00000000d5580000, 0x00000000d5880000, 0x0000000100000000)
  eden space 1024K, 99% used [0x00000000d5580000,0x00000000d567ebe8,0x00000000d5680000)
  from space 1024K, 43% used [0x00000000d5780000,0x00000000d57f0000,0x00000000d5880000)
  to   space 1024K, 0% used [0x00000000d5680000,0x00000000d5680000,0x00000000d5780000)
 ParOldGen       total 377344K, used 372053K [0x0000000080000000, 0x0000000097080000, 0x00000000d5580000)
  object space 377344K, 98% used [0x0000000080000000,0x0000000096b55680,0x0000000097080000)
 Metaspace       used 63568K, committed 65024K, reserved 1114112K
  class space    used 6587K, committed 7232K, reserved 1048576K
}
Event: 23.154 GC heap after
{Heap after GC invocations=494 (full 4):
 PSYoungGen      total 2048K, used 903K [0x00000000d5580000, 0x00000000d5900000, 0x0000000100000000)
  eden space 1024K, 0% used [0x00000000d5580000,0x00000000d5580000,0x00000000d5680000)
  from space 1024K, 88% used [0x00000000d5680000,0x00000000d5761f68,0x00000000d5780000)
  to   space 1024K, 0% used [0x00000000d5800000,0x00000000d5800000,0x00000000d5900000)
 ParOldGen       total 377344K, used 372352K [0x0000000080000000, 0x0000000097080000, 0x00000000d5580000)
  object space 377344K, 98% used [0x0000000080000000,0x0000000096ba0120,0x0000000097080000)
 Metaspace       used 63568K, committed 65024K, reserved 1114112K
  class space    used 6587K, committed 7232K, reserved 1048576K
}
Event: 23.168 GC heap before
{Heap before GC invocations=495 (full 4):
 PSYoungGen      total 2048K, used 1919K [0x00000000d5580000, 0x00000000d5900000, 0x0000000100000000)
  eden space 1024K, 99% used [0x00000000d5580000,0x00000000d567e068,0x00000000d5680000)
  from space 1024K, 88% used [0x00000000d5680000,0x00000000d5761f68,0x00000000d5780000)
  to   space 1024K, 0% used [0x00000000d5800000,0x00000000d5800000,0x00000000d5900000)
 ParOldGen       total 377344K, used 372352K [0x0000000080000000, 0x0000000097080000, 0x00000000d5580000)
  object space 377344K, 98% used [0x0000000080000000,0x0000000096ba0120,0x0000000097080000)
 Metaspace       used 63659K, committed 65088K, reserved 1114112K
  class space    used 6593K, committed 7232K, reserved 1048576K
}
Event: 23.171 GC heap after
{Heap after GC invocations=495 (full 4):
 PSYoungGen      total 2560K, used 710K [0x00000000d5580000, 0x00000000d5900000, 0x0000000100000000)
  eden space 1536K, 0% used [0x00000000d5580000,0x00000000d5580000,0x00000000d5700000)
  from space 1024K, 69% used [0x00000000d5800000,0x00000000d58b1990,0x00000000d5900000)
  to   space 1024K, 0% used [0x00000000d5700000,0x00000000d5700000,0x00000000d5800000)
 ParOldGen       total 377344K, used 372974K [0x0000000080000000, 0x0000000097080000, 0x00000000d5580000)
  object space 377344K, 98% used [0x0000000080000000,0x0000000096c3ba98,0x0000000097080000)
 Metaspace       used 63659K, committed 65088K, reserved 1114112K
  class space    used 6593K, committed 7232K, reserved 1048576K
}
Event: 23.183 GC heap before
{Heap before GC invocations=496 (full 4):
 PSYoungGen      total 2560K, used 2184K [0x00000000d5580000, 0x00000000d5900000, 0x0000000100000000)
  eden space 1536K, 95% used [0x00000000d5580000,0x00000000d56f0748,0x00000000d5700000)
  from space 1024K, 69% used [0x00000000d5800000,0x00000000d58b1990,0x00000000d5900000)
  to   space 1024K, 0% used [0x00000000d5700000,0x00000000d5700000,0x00000000d5800000)
 ParOldGen       total 377344K, used 372974K [0x0000000080000000, 0x0000000097080000, 0x00000000d5580000)
  object space 377344K, 98% used [0x0000000080000000,0x0000000096c3ba98,0x0000000097080000)
 Metaspace       used 63760K, committed 65280K, reserved 1114112K
  class space    used 6600K, committed 7296K, reserved 1048576K
}
Event: 23.186 GC heap after
{Heap after GC invocations=496 (full 4):
 PSYoungGen      total 2560K, used 999K [0x00000000d5580000, 0x00000000d5b80000, 0x0000000100000000)
  eden space 1536K, 0% used [0x00000000d5580000,0x00000000d5580000,0x00000000d5700000)
  from space 1024K, 97% used [0x00000000d5700000,0x00000000d57f9d80,0x00000000d5800000)
  to   space 2048K, 0% used [0x00000000d5980000,0x00000000d5980000,0x00000000d5b80000)
 ParOldGen       total 377344K, used 373662K [0x0000000080000000, 0x0000000097080000, 0x00000000d5580000)
  object space 377344K, 99% used [0x0000000080000000,0x0000000096ce7840,0x0000000097080000)
 Metaspace       used 63760K, committed 65280K, reserved 1114112K
  class space    used 6600K, committed 7296K, reserved 1048576K
}
Event: 23.201 GC heap before
{Heap before GC invocations=497 (full 4):
 PSYoungGen      total 2560K, used 2535K [0x00000000d5580000, 0x00000000d5b80000, 0x0000000100000000)
  eden space 1536K, 99% used [0x00000000d5580000,0x00000000d56fffe8,0x00000000d5700000)
  from space 1024K, 97% used [0x00000000d5700000,0x00000000d57f9d80,0x00000000d5800000)
  to   space 2048K, 0% used [0x00000000d5980000,0x00000000d5980000,0x00000000d5b80000)
 ParOldGen       total 377344K, used 373662K [0x0000000080000000, 0x0000000097080000, 0x00000000d5580000)
  object space 377344K, 99% used [0x0000000080000000,0x0000000096ce7840,0x0000000097080000)
 Metaspace       used 63808K, committed 65280K, reserved 1114112K
  class space    used 6609K, committed 7296K, reserved 1048576K
}
Event: 23.203 GC heap after
{Heap after GC invocations=497 (full 4):
 PSYoungGen      total 3072K, used 1344K [0x00000000d5580000, 0x00000000d5b00000, 0x0000000100000000)
  eden space 1536K, 0% used [0x00000000d5580000,0x00000000d5580000,0x00000000d5700000)
  from space 1536K, 87% used [0x00000000d5980000,0x00000000d5ad0000,0x00000000d5b00000)
  to   space 1536K, 0% used [0x00000000d5800000,0x00000000d5800000,0x00000000d5980000)
 ParOldGen       total 377344K, used 374454K [0x0000000080000000, 0x0000000097080000, 0x00000000d5580000)
  object space 377344K, 99% used [0x0000000080000000,0x0000000096dadb08,0x0000000097080000)
 Metaspace       used 63808K, committed 65280K, reserved 1114112K
  class space    used 6609K, committed 7296K, reserved 1048576K
}
Event: 23.224 GC heap before
{Heap before GC invocations=498 (full 4):
 PSYoungGen      total 3072K, used 2875K [0x00000000d5580000, 0x00000000d5b00000, 0x0000000100000000)
  eden space 1536K, 99% used [0x00000000d5580000,0x00000000d56fef40,0x00000000d5700000)
  from space 1536K, 87% used [0x00000000d5980000,0x00000000d5ad0000,0x00000000d5b00000)
  to   space 1536K, 0% used [0x00000000d5800000,0x00000000d5800000,0x00000000d5980000)
 ParOldGen       total 377344K, used 374454K [0x0000000080000000, 0x0000000097080000, 0x00000000d5580000)
  object space 377344K, 99% used [0x0000000080000000,0x0000000096dadb08,0x0000000097080000)
 Metaspace       used 63827K, committed 65280K, reserved 1114112K
  class space    used 6612K, committed 7296K, reserved 1048576K
}
Event: 23.226 GC heap after
{Heap after GC invocations=498 (full 4):
 PSYoungGen      total 3072K, used 1283K [0x00000000d5580000, 0x00000000d5a00000, 0x0000000100000000)
  eden space 1536K, 0% used [0x00000000d5580000,0x00000000d5580000,0x00000000d5700000)
  from space 1536K, 83% used [0x00000000d5800000,0x00000000d5940ee8,0x00000000d5980000)
  to   space 512K, 0% used [0x00000000d5980000,0x00000000d5980000,0x00000000d5a00000)
 ParOldGen       total 377344K, used 375594K [0x0000000080000000, 0x0000000097080000, 0x00000000d5580000)
  object space 377344K, 99% used [0x0000000080000000,0x0000000096ecaaf0,0x0000000097080000)
 Metaspace       used 63827K, committed 65280K, reserved 1114112K
  class space    used 6612K, committed 7296K, reserved 1048576K
}

Dll operation events (10 events):
Event: 0.015 Loaded shared library c:\Users\Nam Thang\.vscode\extensions\redhat.java-1.54.0-win32-x64\jre\21.0.10-win32-x86_64\bin\java.dll
Event: 0.110 Loaded shared library c:\Users\Nam Thang\.vscode\extensions\redhat.java-1.54.0-win32-x64\jre\21.0.10-win32-x86_64\bin\zip.dll
Event: 0.191 Loaded shared library C:\Users\Nam Thang\.vscode\extensions\redhat.java-1.54.0-win32-x64\jre\21.0.10-win32-x86_64\bin\instrument.dll
Event: 0.202 Loaded shared library C:\Users\Nam Thang\.vscode\extensions\redhat.java-1.54.0-win32-x64\jre\21.0.10-win32-x86_64\bin\net.dll
Event: 0.207 Loaded shared library C:\Users\Nam Thang\.vscode\extensions\redhat.java-1.54.0-win32-x64\jre\21.0.10-win32-x86_64\bin\nio.dll
Event: 0.213 Loaded shared library C:\Users\Nam Thang\.vscode\extensions\redhat.java-1.54.0-win32-x64\jre\21.0.10-win32-x86_64\bin\zip.dll
Event: 0.237 Loaded shared library C:\Users\Nam Thang\.vscode\extensions\redhat.java-1.54.0-win32-x64\jre\21.0.10-win32-x86_64\bin\jimage.dll
Event: 0.346 Loaded shared library c:\Users\Nam Thang\.vscode\extensions\redhat.java-1.54.0-win32-x64\jre\21.0.10-win32-x86_64\bin\verify.dll
Event: 1.568 Loaded shared library C:\Users\Nam Thang\AppData\Roaming\Code\User\globalStorage\redhat.java\1.54.0\config_win\org.eclipse.equinox.launcher\org.eclipse.equinox.launcher.win32.win32.x86_64_1.3.0.v20260203-2149\eclipse_11919.dll
Event: 5.040 Loaded shared library C:\Users\Nam Thang\AppData\Local\Temp\jna-1251907616\jna1426611414009222160.dll

Deoptimization events (20 events):
Event: 23.217 Thread 0x00000251677ae230 Uncommon trap: trap_request=0xffffffc6 fr.pc=0x0000025153f6d63c relative=0x000000000000009c
Event: 23.217 Thread 0x00000251677ae230 Uncommon trap: reason=bimorphic_or_optimized_type_check action=maybe_recompile pc=0x0000025153f6d63c method=java.nio.file.Files.provider(Ljava/nio/file/Path;)Ljava/nio/file/spi/FileSystemProvider; @ 1 c2
Event: 23.217 Thread 0x00000251677ae230 DEOPT PACKING pc=0x0000025153f6d63c sp=0x000000a1c67fece0
Event: 23.217 Thread 0x00000251677ae230 DEOPT UNPACKING pc=0x00000251533b3aa2 sp=0x000000a1c67fec70 mode 2
Event: 23.217 Thread 0x00000251677ae230 Uncommon trap: trap_request=0xffffffc6 fr.pc=0x0000025153f6d63c relative=0x000000000000009c
Event: 23.217 Thread 0x00000251677ae230 Uncommon trap: reason=bimorphic_or_optimized_type_check action=maybe_recompile pc=0x0000025153f6d63c method=java.nio.file.Files.provider(Ljava/nio/file/Path;)Ljava/nio/file/spi/FileSystemProvider; @ 1 c2
Event: 23.217 Thread 0x00000251677ae230 DEOPT PACKING pc=0x0000025153f6d63c sp=0x000000a1c67fece0
Event: 23.217 Thread 0x00000251677ae230 DEOPT UNPACKING pc=0x00000251533b3aa2 sp=0x000000a1c67fec70 mode 2
Event: 23.218 Thread 0x00000251677ae230 Uncommon trap: trap_request=0xffffffde fr.pc=0x0000025153d569c0 relative=0x0000000000001b20
Event: 23.218 Thread 0x00000251677ae230 Uncommon trap: reason=class_check action=maybe_recompile pc=0x0000025153d569c0 method=java.nio.file.FileTreeWalker.next()Ljava/nio/file/FileTreeWalker$Event; @ 37 c2
Event: 23.218 Thread 0x00000251677ae230 DEOPT PACKING pc=0x0000025153d569c0 sp=0x000000a1c67fee60
Event: 23.218 Thread 0x00000251677ae230 DEOPT UNPACKING pc=0x00000251533b3aa2 sp=0x000000a1c67fee60 mode 2
Event: 23.218 Thread 0x00000251677ae230 Uncommon trap: trap_request=0xffffffde fr.pc=0x0000025153d569c0 relative=0x0000000000001b20
Event: 23.218 Thread 0x00000251677ae230 Uncommon trap: reason=class_check action=maybe_recompile pc=0x0000025153d569c0 method=java.nio.file.FileTreeWalker.next()Ljava/nio/file/FileTreeWalker$Event; @ 37 c2
Event: 23.218 Thread 0x00000251677ae230 DEOPT PACKING pc=0x0000025153d569c0 sp=0x000000a1c67fee60
Event: 23.218 Thread 0x00000251677ae230 DEOPT UNPACKING pc=0x00000251533b3aa2 sp=0x000000a1c67fee60 mode 2
Event: 23.218 Thread 0x00000251677ae230 Uncommon trap: trap_request=0xffffffc6 fr.pc=0x0000025153f6d63c relative=0x000000000000009c
Event: 23.218 Thread 0x00000251677ae230 Uncommon trap: reason=bimorphic_or_optimized_type_check action=maybe_recompile pc=0x0000025153f6d63c method=java.nio.file.Files.provider(Ljava/nio/file/Path;)Ljava/nio/file/spi/FileSystemProvider; @ 1 c2
Event: 23.218 Thread 0x00000251677ae230 DEOPT PACKING pc=0x0000025153f6d63c sp=0x000000a1c67fece0
Event: 23.218 Thread 0x00000251677ae230 DEOPT UNPACKING pc=0x00000251533b3aa2 sp=0x000000a1c67fec70 mode 2

Classes loaded (20 events):
Event: 23.143 Loading class java/util/TreeMap$ValueSpliterator
Event: 23.144 Loading class java/util/TreeMap$TreeMapSpliterator
Event: 23.144 Loading class java/util/TreeMap$TreeMapSpliterator done
Event: 23.144 Loading class java/util/TreeMap$ValueSpliterator done
Event: 23.150 Loading class java/util/concurrent/Executors$DelegatedScheduledExecutorService
Event: 23.150 Loading class java/util/concurrent/Executors$DelegatedExecutorService
Event: 23.150 Loading class java/util/concurrent/Executors$DelegatedExecutorService done
Event: 23.150 Loading class java/util/concurrent/Executors$DelegatedScheduledExecutorService done
Event: 23.178 Loading class java/util/concurrent/CompletionException
Event: 23.178 Loading class java/util/concurrent/CompletionException done
Event: 23.186 Loading class java/nio/file/FileTreeWalker$1
Event: 23.187 Loading class java/nio/file/FileTreeWalker$1 done
Event: 23.187 Loading class sun/nio/fs/Globs
Event: 23.188 Loading class sun/nio/fs/Globs done
Event: 23.188 Loading class java/util/regex/Pattern$SliceU
Event: 23.188 Loading class java/util/regex/Pattern$SliceU done
Event: 23.188 Loading class sun/nio/fs/WindowsFileSystem$2
Event: 23.188 Loading class java/nio/file/PathMatcher
Event: 23.188 Loading class java/nio/file/PathMatcher done
Event: 23.188 Loading class sun/nio/fs/WindowsFileSystem$2 done

Classes unloaded (11 events):
Event: 5.519 Thread 0x0000025148ca4900 Unloading class 0x00000251011a8c00 'java/lang/invoke/LambdaForm$MH+0x00000251011a8c00'
Event: 5.519 Thread 0x0000025148ca4900 Unloading class 0x00000251011a8800 'java/lang/invoke/LambdaForm$MH+0x00000251011a8800'
Event: 5.519 Thread 0x0000025148ca4900 Unloading class 0x00000251011a8400 'java/lang/invoke/LambdaForm$MH+0x00000251011a8400'
Event: 5.519 Thread 0x0000025148ca4900 Unloading class 0x00000251011a8000 'java/lang/invoke/LambdaForm$MH+0x00000251011a8000'
Event: 5.519 Thread 0x0000025148ca4900 Unloading class 0x00000251011a7c00 'java/lang/invoke/LambdaForm$BMH+0x00000251011a7c00'
Event: 5.519 Thread 0x0000025148ca4900 Unloading class 0x00000251011a7800 'java/lang/invoke/LambdaForm$DMH+0x00000251011a7800'
Event: 5.519 Thread 0x0000025148ca4900 Unloading class 0x00000251011a6800 'java/lang/invoke/LambdaForm$DMH+0x00000251011a6800'
Event: 22.743 Thread 0x0000025148ca4900 Unloading class 0x00000251016dd400 'java/lang/invoke/LambdaForm$DMH+0x00000251016dd400'
Event: 22.743 Thread 0x0000025148ca4900 Unloading class 0x00000251016dc800 'java/lang/invoke/LambdaForm$DMH+0x00000251016dc800'
Event: 22.743 Thread 0x0000025148ca4900 Unloading class 0x00000251016dcc00 'java/lang/invoke/LambdaForm$DMH+0x00000251016dcc00'
Event: 22.743 Thread 0x0000025148ca4900 Unloading class 0x00000251016dd000 'java/lang/invoke/LambdaForm$DMH+0x00000251016dd000'

Classes redefined (0 events):
No events

Internal exceptions (20 events):
Event: 23.236 Thread 0x00000251677ae230 Exception <a 'sun/nio/fs/WindowsException'{0x00000000d565a430}> (0x00000000d565a430) 
thrown [s\src\hotspot\share\prims\jni.cpp, line 520]
Event: 23.236 Thread 0x00000251677ae230 Exception <a 'sun/nio/fs/WindowsException'{0x00000000d565aa00}> (0x00000000d565aa00) 
thrown [s\src\hotspot\share\prims\jni.cpp, line 520]
Event: 23.236 Thread 0x00000251677ae230 Exception <a 'sun/nio/fs/WindowsException'{0x00000000d565afd0}> (0x00000000d565afd0) 
thrown [s\src\hotspot\share\prims\jni.cpp, line 520]
Event: 23.236 Thread 0x00000251677ae230 Exception <a 'sun/nio/fs/WindowsException'{0x00000000d56603d8}> (0x00000000d56603d8) 
thrown [s\src\hotspot\share\prims\jni.cpp, line 520]
Event: 23.237 Thread 0x00000251677ae230 Exception <a 'sun/nio/fs/WindowsException'{0x00000000d566ed80}> (0x00000000d566ed80) 
thrown [s\src\hotspot\share\prims\jni.cpp, line 520]
Event: 23.237 Thread 0x00000251677ae230 Exception <a 'sun/nio/fs/WindowsException'{0x00000000d566f350}> (0x00000000d566f350) 
thrown [s\src\hotspot\share\prims\jni.cpp, line 520]
Event: 23.237 Thread 0x00000251677ae230 Exception <a 'sun/nio/fs/WindowsException'{0x00000000d566f920}> (0x00000000d566f920) 
thrown [s\src\hotspot\share\prims\jni.cpp, line 520]
Event: 23.237 Thread 0x00000251677ae230 Exception <a 'sun/nio/fs/WindowsException'{0x00000000d566ff10}> (0x00000000d566ff10) 
thrown [s\src\hotspot\share\prims\jni.cpp, line 520]
Event: 23.238 Thread 0x00000251677ae230 Exception <a 'sun/nio/fs/WindowsException'{0x00000000d56833e0}> (0x00000000d56833e0) 
thrown [s\src\hotspot\share\prims\jni.cpp, line 520]
Event: 23.238 Thread 0x00000251677ae230 Exception <a 'sun/nio/fs/WindowsException'{0x00000000d56839d0}> (0x00000000d56839d0) 
thrown [s\src\hotspot\share\prims\jni.cpp, line 520]
Event: 23.238 Thread 0x00000251677ae230 Exception <a 'sun/nio/fs/WindowsException'{0x00000000d5683fc0}> (0x00000000d5683fc0) 
thrown [s\src\hotspot\share\prims\jni.cpp, line 520]
Event: 23.238 Thread 0x00000251677ae230 Exception <a 'sun/nio/fs/WindowsException'{0x00000000d56845c8}> (0x00000000d56845c8) 
thrown [s\src\hotspot\share\prims\jni.cpp, line 520]
Event: 23.239 Thread 0x00000251677ae230 Exception <a 'sun/nio/fs/WindowsException'{0x00000000d5698cd8}> (0x00000000d5698cd8) 
thrown [s\src\hotspot\share\prims\jni.cpp, line 520]
Event: 23.239 Thread 0x00000251677ae230 Exception <a 'sun/nio/fs/WindowsException'{0x00000000d56992c8}> (0x00000000d56992c8) 
thrown [s\src\hotspot\share\prims\jni.cpp, line 520]
Event: 23.239 Thread 0x00000251677ae230 Exception <a 'sun/nio/fs/WindowsException'{0x00000000d569e6c8}> (0x00000000d569e6c8) 
thrown [s\src\hotspot\share\prims\jni.cpp, line 520]
Event: 23.239 Thread 0x00000251677ae230 Exception <a 'sun/nio/fs/WindowsException'{0x00000000d569ecd0}> (0x00000000d569ecd0) 
thrown [s\src\hotspot\share\prims\jni.cpp, line 520]
Event: 23.239 Thread 0x00000251677ae230 Exception <a 'sun/nio/fs/WindowsException'{0x00000000d56aded0}> (0x00000000d56aded0) 
thrown [s\src\hotspot\share\prims\jni.cpp, line 520]
Event: 23.239 Thread 0x00000251677ae230 Exception <a 'sun/nio/fs/WindowsException'{0x00000000d56ae490}> (0x00000000d56ae490) 
thrown [s\src\hotspot\share\prims\jni.cpp, line 520]
Event: 23.240 Thread 0x00000251677ae230 Exception <a 'sun/nio/fs/WindowsException'{0x00000000d56aea50}> (0x00000000d56aea50) 
thrown [s\src\hotspot\share\prims\jni.cpp, line 520]
Event: 23.240 Thread 0x00000251677ae230 Exception <a 'sun/nio/fs/WindowsException'{0x00000000d56af028}> (0x00000000d56af028) 
thrown [s\src\hotspot\share\prims\jni.cpp, line 520]

ZGC Phase Switch (0 events):
No events

VM Operations (20 events):
Event: 23.126 Executing safepoint VM operation: ParallelGCFailedAllocation (Allocation Failure) done
Event: 23.131 Executing safepoint VM operation: ParallelGCFailedAllocation (Allocation Failure)
Event: 23.133 Executing safepoint VM operation: ParallelGCFailedAllocation (Allocation Failure) done
Event: 23.139 Executing safepoint VM operation: ParallelGCFailedAllocation (Allocation Failure)
Event: 23.141 Executing safepoint VM operation: ParallelGCFailedAllocation (Allocation Failure) done
Event: 23.152 Executing safepoint VM operation: ParallelGCFailedAllocation (Allocation Failure)
Event: 23.154 Executing safepoint VM operation: ParallelGCFailedAllocation (Allocation Failure) done
Event: 23.168 Executing safepoint VM operation: ParallelGCFailedAllocation (Allocation Failure)
Event: 23.171 Executing safepoint VM operation: ParallelGCFailedAllocation (Allocation Failure) done
Event: 23.183 Executing non-safepoint VM operation: HandshakeAllThreads (Deoptimize)
Event: 23.183 Executing non-safepoint VM operation: HandshakeAllThreads (Deoptimize) done
Event: 23.183 Executing safepoint VM operation: ParallelGCFailedAllocation (Allocation Failure)
Event: 23.186 Executing safepoint VM operation: ParallelGCFailedAllocation (Allocation Failure) done
Event: 23.201 Executing safepoint VM operation: ParallelGCFailedAllocation (Allocation Failure)
Event: 23.203 Executing safepoint VM operation: ParallelGCFailedAllocation (Allocation Failure) done
Event: 23.210 Executing non-safepoint VM operation: HandshakeAllThreads (Deoptimize)
Event: 23.210 Executing non-safepoint VM operation: HandshakeAllThreads (Deoptimize) done
Event: 23.224 Executing safepoint VM operation: ParallelGCFailedAllocation (Allocation Failure)
Event: 23.226 Executing safepoint VM operation: ParallelGCFailedAllocation (Allocation Failure) done
Event: 23.246 Executing safepoint VM operation: ParallelGCFailedAllocation (Allocation Failure)

Memory protections (0 events):
No events

Nmethod flushes (20 events):
Event: 22.780 Thread 0x0000025148ca4900 flushing  nmethod 0x000002514d141d10
Event: 22.780 Thread 0x0000025148ca4900 flushing  nmethod 0x000002514d146f90
Event: 22.780 Thread 0x0000025148ca4900 flushing  nmethod 0x000002514d14ab10
Event: 22.780 Thread 0x0000025148ca4900 flushing  nmethod 0x000002514d14e490
Event: 22.780 Thread 0x0000025148ca4900 flushing  nmethod 0x000002514d154610
Event: 22.780 Thread 0x0000025148ca4900 flushing  nmethod 0x000002514d190310
Event: 22.780 Thread 0x0000025148ca4900 flushing  nmethod 0x000002514d190790
Event: 22.780 Thread 0x0000025148ca4900 flushing  nmethod 0x000002514d193290
Event: 22.780 Thread 0x0000025148ca4900 flushing  nmethod 0x000002514d194810
Event: 22.780 Thread 0x0000025148ca4900 flushing  nmethod 0x000002514d195910
Event: 22.780 Thread 0x0000025148ca4900 flushing  nmethod 0x000002514d19be90
Event: 22.780 Thread 0x0000025148ca4900 flushing  nmethod 0x000002514d1afd90
Event: 22.780 Thread 0x0000025148ca4900 flushing  nmethod 0x000002514d1c8e90
Event: 22.780 Thread 0x0000025148ca4900 flushing  nmethod 0x000002514d1c9c90
Event: 22.780 Thread 0x0000025148ca4900 flushing  nmethod 0x000002514d1d2490
Event: 22.780 Thread 0x0000025148ca4900 flushing  nmethod 0x000002514d1d4f90
Event: 22.780 Thread 0x0000025148ca4900 flushing  nmethod 0x000002514d1ed310
Event: 22.780 Thread 0x0000025148ca4900 flushing  nmethod 0x000002514d232790
Event: 22.780 Thread 0x0000025148ca4900 flushing  nmethod 0x000002514d387990
Event: 22.780 Thread 0x0000025148ca4900 flushing  nmethod 0x000002514d3a4b10

Events (20 events):
Event: 15.548 Thread 0x0000025160b79ba0 Thread added: 0x000002516b376b30
Event: 16.659 Thread 0x000002516b376b30 Thread exited: 0x000002516b376b30
Event: 16.667 Thread 0x000002516b377200 Thread exited: 0x000002516b377200
Event: 16.680 Thread 0x0000025160b79ba0 Thread exited: 0x0000025160b79ba0
Event: 16.742 Thread 0x0000025148dce690 Thread added: 0x000002516b377200
Event: 16.743 Thread 0x0000025148dce690 Thread added: 0x000002516b378670
Event: 16.900 Thread 0x00000251677ac160 Thread added: 0x000002517424d0b0
Event: 16.901 Thread 0x00000251677ac160 Thread added: 0x000002517424d740
Event: 16.901 Thread 0x00000251677ac160 Thread added: 0x000002517424ddd0
Event: 16.901 Thread 0x00000251677ac160 Thread added: 0x0000025169ee8af0
Event: 16.901 Thread 0x00000251677ac160 Thread added: 0x0000025169ee9180
Event: 16.947 Thread 0x000002517424d0b0 Thread exited: 0x000002517424d0b0
Event: 16.947 Thread 0x000002517424d740 Thread exited: 0x000002517424d740
Event: 16.948 Thread 0x0000025169ee9180 Thread exited: 0x0000025169ee9180
Event: 16.948 Thread 0x0000025169ee8af0 Thread exited: 0x0000025169ee8af0
Event: 16.948 Thread 0x000002517424ddd0 Thread exited: 0x000002517424ddd0
Event: 22.900 Thread 0x000002516b377200 Thread exited: 0x000002516b377200
Event: 22.900 Thread 0x000002516b378670 Thread exited: 0x000002516b378670
Event: 22.905 Thread 0x0000025148dce690 Thread added: 0x000002516b378670
Event: 23.150 Thread 0x00000251677ae230 Thread added: 0x000002517424d0b0


Dynamic libraries:
0x00007ff671910000 - 0x00007ff67191e000 	c:\Users\Nam Thang\.vscode\extensions\redhat.java-1.54.0-win32-x64\jre\21.0.10-win32-x86_64\bin\java.exe
0x00007ff93e060000 - 0x00007ff93e2c7000 	C:\WINDOWS\SYSTEM32\ntdll.dll
0x00007ff93cb90000 - 0x00007ff93cc59000 	C:\WINDOWS\System32\KERNEL32.DLL
0x00007ff93afc0000 - 0x00007ff93b3b7000 	C:\WINDOWS\System32\KERNELBASE.dll
0x00007ff93aa90000 - 0x00007ff93abdb000 	C:\WINDOWS\System32\ucrtbase.dll
0x00007ff90cdc0000 - 0x00007ff90cdd8000 	c:\Users\Nam Thang\.vscode\extensions\redhat.java-1.54.0-win32-x64\jre\21.0.10-win32-x86_64\bin\jli.dll
0x00007ff92aa60000 - 0x00007ff92aa7e000 	c:\Users\Nam Thang\.vscode\extensions\redhat.java-1.54.0-win32-x64\jre\21.0.10-win32-x86_64\bin\VCRUNTIME140.dll
0x00007ff93d730000 - 0x00007ff93d8f6000 	C:\WINDOWS\System32\USER32.dll
0x00007ff93bc30000 - 0x00007ff93bc57000 	C:\WINDOWS\System32\win32u.dll
0x00007ff91ade0000 - 0x00007ff91b072000 	C:\WINDOWS\WinSxS\amd64_microsoft.windows.common-controls_6595b64144ccf1df_6.0.26100.8457_none_3e0b2faee331e92d\COMCTL32.dll
0x00007ff93ced0000 - 0x00007ff93cefb000 	C:\WINDOWS\System32\GDI32.dll
0x00007ff93cf00000 - 0x00007ff93cfa9000 	C:\WINDOWS\System32\msvcrt.dll
0x00007ff93aca0000 - 0x00007ff93adcc000 	C:\WINDOWS\System32\gdi32full.dll
0x00007ff93af10000 - 0x00007ff93afb3000 	C:\WINDOWS\System32\msvcp_win.dll
0x00007ff93cb50000 - 0x00007ff93cb82000 	C:\WINDOWS\System32\IMM32.DLL
0x00007ff92b0c0000 - 0x00007ff92b0cc000 	c:\Users\Nam Thang\.vscode\extensions\redhat.java-1.54.0-win32-x64\jre\21.0.10-win32-x86_64\bin\vcruntime140_1.dll
0x00007ff8e3950000 - 0x00007ff8e39dd000 	c:\Users\Nam Thang\.vscode\extensions\redhat.java-1.54.0-win32-x64\jre\21.0.10-win32-x86_64\bin\msvcp140.dll
0x00007ff87c670000 - 0x00007ff87d411000 	c:\Users\Nam Thang\.vscode\extensions\redhat.java-1.54.0-win32-x64\jre\21.0.10-win32-x86_64\bin\server\jvm.dll
0x00007ff93dcc0000 - 0x00007ff93dd76000 	C:\WINDOWS\System32\ADVAPI32.dll
0x00007ff93dc10000 - 0x00007ff93dcb7000 	C:\WINDOWS\System32\sechost.dll
0x00007ff93ccf0000 - 0x00007ff93ce08000 	C:\WINDOWS\System32\RPCRT4.dll
0x00007ff93c420000 - 0x00007ff93c4a0000 	C:\WINDOWS\System32\WS2_32.dll
0x00007ff93a8f0000 - 0x00007ff93a94e000 	C:\WINDOWS\SYSTEM32\POWRPROF.dll
0x00007ff92e8e0000 - 0x00007ff92e8eb000 	C:\WINDOWS\SYSTEM32\VERSION.dll
0x00007ff92ea80000 - 0x00007ff92eab6000 	C:\WINDOWS\SYSTEM32\WINMM.dll
0x00007ff93a8d0000 - 0x00007ff93a8e4000 	C:\WINDOWS\SYSTEM32\UMPDC.dll
0x00007ff939820000 - 0x00007ff93983b000 	C:\WINDOWS\SYSTEM32\kernel.appcore.dll
0x00007ff92ae80000 - 0x00007ff92ae8a000 	c:\Users\Nam Thang\.vscode\extensions\redhat.java-1.54.0-win32-x64\jre\21.0.10-win32-x86_64\bin\jimage.dll
0x00007ff938140000 - 0x00007ff938382000 	C:\WINDOWS\SYSTEM32\DBGHELP.DLL
0x00007ff93bde0000 - 0x00007ff93c163000 	C:\WINDOWS\System32\combase.dll
0x00007ff93d910000 - 0x00007ff93d9e9000 	C:\WINDOWS\System32\OLEAUT32.dll
0x00007ff9276f0000 - 0x00007ff92772b000 	C:\WINDOWS\SYSTEM32\dbgcore.DLL
0x00007ff93add0000 - 0x00007ff93ae78000 	C:\WINDOWS\System32\bcryptPrimitives.dll
0x00007ff91a630000 - 0x00007ff91a63f000 	c:\Users\Nam Thang\.vscode\extensions\redhat.java-1.54.0-win32-x64\jre\21.0.10-win32-x86_64\bin\instrument.dll
0x00007ff901bd0000 - 0x00007ff901bf0000 	c:\Users\Nam Thang\.vscode\extensions\redhat.java-1.54.0-win32-x64\jre\21.0.10-win32-x86_64\bin\java.dll
0x00007ff93cfb0000 - 0x00007ff93d71e000 	C:\WINDOWS\System32\SHELL32.dll
0x00007ff93b3c0000 - 0x00007ff93bc2c000 	C:\WINDOWS\System32\windows.storage.dll
0x00007ff93c5c0000 - 0x00007ff93c6b6000 	C:\WINDOWS\System32\SHCORE.dll
0x00007ff93c310000 - 0x00007ff93c376000 	C:\WINDOWS\System32\shlwapi.dll
0x00007ff93a9b0000 - 0x00007ff93a9d9000 	C:\WINDOWS\SYSTEM32\profapi.dll
0x00007ff900f80000 - 0x00007ff900f98000 	c:\Users\Nam Thang\.vscode\extensions\redhat.java-1.54.0-win32-x64\jre\21.0.10-win32-x86_64\bin\zip.dll
0x00007ff916ae0000 - 0x00007ff916af0000 	C:\Users\Nam Thang\.vscode\extensions\redhat.java-1.54.0-win32-x64\jre\21.0.10-win32-x86_64\bin\net.dll
0x00007ff9342d0000 - 0x00007ff9343f9000 	C:\WINDOWS\SYSTEM32\WINHTTP.dll
0x00007ff939d90000 - 0x00007ff939dfc000 	C:\WINDOWS\system32\mswsock.dll
0x00007ff9008e0000 - 0x00007ff9008f6000 	C:\Users\Nam Thang\.vscode\extensions\redhat.java-1.54.0-win32-x64\jre\21.0.10-win32-x86_64\bin\nio.dll
0x00007ff90d0f0000 - 0x00007ff90d100000 	c:\Users\Nam Thang\.vscode\extensions\redhat.java-1.54.0-win32-x64\jre\21.0.10-win32-x86_64\bin\verify.dll
0x00007ff8e4ce0000 - 0x00007ff8e4d25000 	C:\Users\Nam Thang\AppData\Roaming\Code\User\globalStorage\redhat.java\1.54.0\config_win\org.eclipse.equinox.launcher\org.eclipse.equinox.launcher.win32.win32.x86_64_1.3.0.v20260203-2149\eclipse_11919.dll
0x00007ff93c170000 - 0x00007ff93c307000 	C:\WINDOWS\System32\ole32.dll
0x00007ff93a070000 - 0x00007ff93a08b000 	C:\WINDOWS\SYSTEM32\CRYPTSP.dll
0x00007ff939780000 - 0x00007ff9397b9000 	C:\WINDOWS\system32\rsaenh.dll
0x00007ff939e40000 - 0x00007ff939e73000 	C:\WINDOWS\SYSTEM32\USERENV.dll
0x00007ff93a980000 - 0x00007ff93a9aa000 	C:\WINDOWS\SYSTEM32\bcrypt.dll
0x00007ff93a090000 - 0x00007ff93a09c000 	C:\WINDOWS\SYSTEM32\CRYPTBASE.dll
0x00007ff939380000 - 0x00007ff9393b2000 	C:\WINDOWS\SYSTEM32\IPHLPAPI.DLL
0x00007ff93dd80000 - 0x00007ff93dd8a000 	C:\WINDOWS\System32\NSI.dll
0x00007ff8e49e0000 - 0x00007ff8e4a29000 	C:\Users\Nam Thang\AppData\Local\Temp\jna-1251907616\jna1426611414009222160.dll
0x00007ff93d900000 - 0x00007ff93d908000 	C:\WINDOWS\System32\PSAPI.DLL
0x00007ff934610000 - 0x00007ff93462d000 	C:\WINDOWS\SYSTEM32\dhcpcsvc6.DLL
0x00007ff9345c0000 - 0x00007ff9345e5000 	C:\WINDOWS\SYSTEM32\dhcpcsvc.DLL

JVMTI agents:
c:\Users\Nam Thang\.vscode\extensions\redhat.java-1.54.0-win32-x64\lombok\lombok-1.18.39-4050.jar path:c:\Users\Nam Thang\.vscode\extensions\redhat.java-1.54.0-win32-x64\jre\21.0.10-win32-x86_64\bin\instrument.dll, loaded, initialized, instrumentlib options:none

dbghelp: loaded successfully - version: 4.0.5 - missing functions: none
symbol engine: initialized successfully - sym options: 0x614 - pdb path: .;c:\Users\Nam Thang\.vscode\extensions\redhat.java-1.54.0-win32-x64\jre\21.0.10-win32-x86_64\bin;C:\WINDOWS\SYSTEM32;C:\WINDOWS\WinSxS\amd64_microsoft.windows.common-controls_6595b64144ccf1df_6.0.26100.8457_none_3e0b2faee331e92d;c:\Users\Nam Thang\.vscode\extensions\redhat.java-1.54.0-win32-x64\jre\21.0.10-win32-x86_64\bin\server;C:\Users\Nam Thang\AppData\Roaming\Code\User\globalStorage\redhat.java\1.54.0\config_win\org.eclipse.equinox.launcher\org.eclipse.equinox.launcher.win32.win32.x86_64_1.3.0.v20260203-2149;C:\Users\Nam Thang\AppData\Local\Temp\jna-1251907616

VM Arguments:
jvm_args: --add-modules=ALL-SYSTEM --add-opens=java.base/java.util=ALL-UNNAMED --add-opens=java.base/java.lang=ALL-UNNAMED --add-opens=java.base/sun.nio.fs=ALL-UNNAMED -Declipse.application=org.eclipse.jdt.ls.core.id1 -Dosgi.bundles.defaultStartLevel=4 -Declipse.product=org.eclipse.jdt.ls.core.product -Djava.import.generatesMetadataFilesAtProjectRoot=false -DDetectVMInstallationsJob.disabled=true -Dfile.encoding=utf8 -XX:+UseParallelGC -XX:GCTimeRatio=4 -XX:AdaptiveSizePolicyWeight=90 -Dsun.zip.disableMemoryMapping=true -Xmx2G -Xms100m -Xlog:disable -javaagent:c:\Users\Nam Thang\.vscode\extensions\redhat.java-1.54.0-win32-x64\lombok\lombok-1.18.39-4050.jar -XX:+HeapDumpOnOutOfMemoryError -XX:HeapDumpPath=c:\Users\Nam Thang\AppData\Roaming\Code\User\workspaceStorage\79aa45896517b3f7a4f8120da649a138\redhat.java -Daether.dependencyCollector.impl=bf 
java_command: c:\Users\Nam Thang\.vscode\extensions\redhat.java-1.54.0-win32-x64\server\plugins\org.eclipse.equinox.launcher_1.7.100.v20251111-0406.jar -configuration c:\Users\Nam Thang\AppData\Roaming\Code\User\globalStorage\redhat.java\1.54.0\config_win -data c:\Users\Nam Thang\AppData\Roaming\Code\User\workspaceStorage\79aa45896517b3f7a4f8120da649a138\redhat.java\jdt_ws --pipe=\\.\pipe\lsp-e4e01ece964ee0e72d9e56b835062cb8-sock
java_class_path (initial): c:\Users\Nam Thang\.vscode\extensions\redhat.java-1.54.0-win32-x64\server\plugins\org.eclipse.equinox.launcher_1.7.100.v20251111-0406.jar
Launcher Type: SUN_STANDARD

[Global flags]
    uintx AdaptiveSizePolicyWeight                 = 90                                        {product} {command line}
     intx CICompilerCount                          = 12                                        {product} {ergonomic}
    uintx GCTimeRatio                              = 4                                         {product} {command line}
     bool HeapDumpOnOutOfMemoryError               = true                                   {manageable} {command line}
    ccstr HeapDumpPath                             = c:\Users\Nam Thang\AppData\Roaming\Code\User\workspaceStorage\79aa45896517b3f7a4f8120da649a138\redhat.java         {manageable} {command line}
   size_t InitialHeapSize                          = 104857600                                 {product} {command line}
   size_t MaxHeapSize                              = 2147483648                                {product} {command line}
   size_t MaxNewSize                               = 715653120                                 {product} {ergonomic}
   size_t MinHeapDeltaBytes                        = 524288                                    {product} {ergonomic}
   size_t MinHeapSize                              = 104857600                                 {product} {command line}
   size_t NewSize                                  = 34603008                                  {product} {ergonomic}
    uintx NonNMethodCodeHeapSize                   = 7602480                                {pd product} {ergonomic}
    uintx NonProfiledCodeHeapSize                  = 122027880                              {pd product} {ergonomic}
   size_t OldSize                                  = 70254592                                  {product} {ergonomic}
    uintx ProfiledCodeHeapSize                     = 122027880                              {pd product} {ergonomic}
    uintx ReservedCodeCacheSize                    = 251658240                              {pd product} {ergonomic}
     bool SegmentedCodeCache                       = true                                      {product} {ergonomic}
   size_t SoftMaxHeapSize                          = 2147483648                             {manageable} {ergonomic}
     bool UseCompressedOops                        = true                           {product lp64_product} {ergonomic}
     bool UseLargePagesIndividualAllocation        = false                                  {pd product} {ergonomic}
     bool UseParallelGC                            = true                                      {product} {command line}

Logging:
Log output configuration:
 #0: stdout all=off uptime,level,tags foldmultilines=false
 #1: stderr all=off uptime,level,tags foldmultilines=false

Release file:
JAVA_VERSION="21.0.10" 
MODULES="java.base java.compiler java.datatransfer java.xml java.prefs java.desktop java.instrument java.logging java.management java.security.sasl java.naming java.rmi java.management.rmi java.net.http java.scripting java.security.jgss java.transaction.xa java.sql java.sql.rowset java.xml.crypto java.se java.smartcardio jdk.accessibility jdk.internal.jvmstat jdk.attach jdk.charsets jdk.internal.opt jdk.zipfs jdk.compiler jdk.crypto.ec jdk.crypto.cryptoki jdk.crypto.mscapi jdk.dynalink jdk.internal.ed jdk.editpad jdk.hotspot.agent jdk.httpserver jdk.internal.le jdk.internal.vm.ci jdk.internal.vm.compiler jdk.internal.vm.compiler.management jdk.jartool jdk.javadoc jdk.jcmd jdk.management jdk.management.agent jdk.jconsole jdk.jdeps jdk.jdwp.agent jdk.jdi jdk.jfr jdk.jshell jdk.jsobject jdk.jstatd jdk.localedata jdk.management.jfr jdk.naming.dns jdk.naming.rmi jdk.net jdk.nio.mapmode jdk.random jdk.sctp jdk.security.auth jdk.security.jgss jdk.unsupported jdk.unsupported.desktop jdk.xml.dom" 

Environment Variables:
PATH=C:\Program Files\Common Files\Oracle\Java\javapath;C:\Program Files (x86)\Common Files\Oracle\Java\javapath;C:\Windows\system32;C:\Windows;C:\Windows\System32\Wbem;C:\Windows\System32\WindowsPowerShell\v1.0\;C:\Windows\System32\OpenSSH\;C:\Program Files (x86)\NVIDIA Corporation\PhysX\Common;C:\Program Files\NVIDIA Corporation\NVIDIA NvDLISR;C:\Program Files\dotnet\;C:\WINDOWS\system32;C:\WINDOWS;C:\WINDOWS\System32\Wbem;C:\WINDOWS\System32\WindowsPowerShell\v1.0\;C:\WINDOWS\System32\OpenSSH\;C:\MinGW\bin;C:\Program Files\Java\jdk1.8.0_202\bin;D:\WED201c\Microsoft VS Code\bin;C:\Program Files (x86)\Microsoft SQL Server\160\Tools\Binn\;C:\Program Files\Microsoft SQL Server\160\Tools\Binn\;C:\Program Files\Microsoft SQL Server\Client SDK\ODBC\170\Tools\Binn\;C:\Program Files\Microsoft SQL Server\160\DTS\Binn\;C:\Program Files (x86)\Microsoft SQL Server\160\DTS\Binn\;D:\PRJ301\Git\cmd;C:\Program Files\Cloudflare\Cloudflare WARP\;D:\SWP\;C:\Program Files\MySQL\MySQL Shell 8.0\bin\;C:\Users\Nam Thang\AppData\Local\Microsoft\WindowsApps;D:\Microsoft VS Code\bin;E:\IntelliJ IDEA 2026.1.1\bin;C:\Users\Nam Thang\AppData\Roaming\npm;C:\Users\Nam Thang\AppData\Local\Python\pythoncore-3.14-64\Scripts;E:\;E:\Antigravity IDE\bin
USERNAME=Nam Thang
OS=Windows_NT
PROCESSOR_IDENTIFIER=AMD64 Family 25 Model 68 Stepping 1, AuthenticAMD
TMP=C:\Users\NAMTHA~1\AppData\Local\Temp
TEMP=C:\Users\NAMTHA~1\AppData\Local\Temp




Periodic native trim disabled

---------------  S Y S T E M  ---------------

OS:
 Windows 11 , 64 bit Build 26100 (10.0.26100.8328)
OS uptime: 0 days 15:47 hours

CPU: total 16 (initial active 16) (16 cores per cpu, 2 threads per core) family 25 model 68 stepping 1 microcode 0xa404107, cx8, cmov, fxsr, ht, mmx, 3dnowpref, sse, sse2, sse3, ssse3, sse4a, sse4.1, sse4.2, popcnt, lzcnt, tsc, tscinvbit, avx, avx2, aes, erms, clmul, bmi1, bmi2, adx, sha, fma, vzeroupper, clflush, clflushopt, rdtscp, rdpid, fsrm, f16c, pku, cet_ss
Processor Information for the first 16 processors :
  Max Mhz: 3201, Current Mhz: 2502, Mhz Limit: 3201

Memory: 4k page, system-wide physical 15610M (711M free)
TotalPageFile size 38091M (AvailPageFile size 56M)
current process WorkingSet (physical memory assigned to process): 751M, peak: 774M
current process commit charge ("private bytes"): 707M, peak: 1695M

vm_info: OpenJDK 64-Bit Server VM (21.0.10+7-LTS) for windows-amd64 JRE (21.0.10+7-LTS), built on 2026-01-20T00:00:00Z by "admin" with MS VC++ 17.12 (VS2022)

END.
