#
# There is insufficient memory for the Java Runtime Environment to continue.
# Native memory allocation (malloc) failed to allocate 1383856 bytes. Error detail: Chunk::new
# Possible reasons:
#   The system is out of physical RAM or swap space
#   This process is running with CompressedOops enabled, and the Java Heap may be blocking the growth of the native heap
# Possible solutions:
#   Reduce memory load on the system
#   Increase physical memory or swap space
#   Check if swap backing store is full
#   Decrease Java heap size (-Xmx/-Xms)
#   Decrease number of Java threads
#   Decrease Java thread stack sizes (-Xss)
#   Set larger code cache with -XX:ReservedCodeCacheSize=
#   JVM is running with Unscaled Compressed Oops mode in which the Java heap is
#     placed in the first 4GB address space. The Java Heap base address is the
#     maximum limit for the native heap growth. Please use -XX:HeapBaseMinAddress
#     to set the Java Heap base and to place the Java Heap above 4GB virtual address.
# This output file may be truncated or incomplete.
#
#  Out of Memory Error (arena.cpp:168), pid=46112, tid=39016
#
# JRE version: OpenJDK Runtime Environment Temurin-21.0.10+7 (21.0.10+7) (build 21.0.10+7-LTS)
# Java VM: OpenJDK 64-Bit Server VM Temurin-21.0.10+7 (21.0.10+7-LTS, mixed mode, sharing, tiered, compressed oops, compressed class ptrs, parallel gc, windows-amd64)
# No core dump will be written. Minidumps are not enabled by default on client versions of Windows
#

---------------  S U M M A R Y ------------

Command Line: --add-modules=ALL-SYSTEM --add-opens=java.base/java.util=ALL-UNNAMED --add-opens=java.base/java.lang=ALL-UNNAMED --add-opens=java.base/sun.nio.fs=ALL-UNNAMED -Declipse.application=org.eclipse.jdt.ls.core.id1 -Dosgi.bundles.defaultStartLevel=4 -Declipse.product=org.eclipse.jdt.ls.core.product -Djava.import.generatesMetadataFilesAtProjectRoot=false -DDetectVMInstallationsJob.disabled=true -Dfile.encoding=utf8 -XX:+UseParallelGC -XX:GCTimeRatio=4 -XX:AdaptiveSizePolicyWeight=90 -Dsun.zip.disableMemoryMapping=true -Xmx2G -Xms100m -Xlog:disable -javaagent:c:\Users\Nam Thang\.vscode\extensions\redhat.java-1.54.0-win32-x64\lombok\lombok-1.18.39-4050.jar -XX:+HeapDumpOnOutOfMemoryError -XX:HeapDumpPath=c:\Users\Nam Thang\AppData\Roaming\Code\User\workspaceStorage\79aa45896517b3f7a4f8120da649a138\redhat.java -Daether.dependencyCollector.impl=bf c:\Users\Nam Thang\.vscode\extensions\redhat.java-1.54.0-win32-x64\server\plugins\org.eclipse.equinox.launcher_1.7.100.v20251111-0406.jar -configuration c:\Users\Nam Thang\AppData\Roaming\Code\User\globalStorage\redhat.java\1.54.0\config_win -data c:\Users\Nam Thang\AppData\Roaming\Code\User\workspaceStorage\79aa45896517b3f7a4f8120da649a138\redhat.java\jdt_ws --pipe=\\.\pipe\lsp-ffbea61e6150d9b3f8be5206f74916d5-sock

Host: AMD Ryzen 7 7735HS with Radeon Graphics        , 16 cores, 15G,  Windows 11 , 64 bit Build 26100 (10.0.26100.8328)
Time: Fri Jun  5 14:03:12 2026 SE Asia Standard Time elapsed time: 120.318450 seconds (0d 0h 2m 0s)

---------------  T H R E A D  ---------------

Current thread (0x000001960a9647b0):  JavaThread "C2 CompilerThread1" daemon [_thread_in_native, id=39016, stack(0x0000008fad000000,0x0000008fad100000) (1024K)]


Current CompileTask:
C2:120318 16704       4       org.eclipse.jdt.internal.compiler.lookup.ModuleBinding::getVisiblePackage (472 bytes)

Stack: [0x0000008fad000000,0x0000008fad100000]
Native frames: (J=compiled Java code, j=interpreted, Vv=VM code, C=native code)
V  [jvm.dll+0x6d7a39]
V  [jvm.dll+0x8b4b26]
V  [jvm.dll+0x8b70de]
V  [jvm.dll+0x8b77c3]
V  [jvm.dll+0x284346]
V  [jvm.dll+0xc66ed]
V  [jvm.dll+0xc6c31]
V  [jvm.dll+0x3bec01]
V  [jvm.dll+0x38b162]
V  [jvm.dll+0x38a5aa]
V  [jvm.dll+0x24c560]
V  [jvm.dll+0x24bb40]
V  [jvm.dll+0x1cb34e]
V  [jvm.dll+0x25b85d]
V  [jvm.dll+0x259dea]
V  [jvm.dll+0x3f857e]
V  [jvm.dll+0x85f59d]
V  [jvm.dll+0x6d626d]
C  [ucrtbase.dll+0x37b0]
C  [KERNEL32.DLL+0x2e957]
C  [ntdll.dll+0x427c]


---------------  P R O C E S S  ---------------

Threads class SMR info:
_java_thread_list=0x000001967dc08ca0, length=105, elements={
0x000001961c06d5c0, 0x000001961c117f70, 0x000001961c119b00, 0x000001961c01be90,
0x000001961c01e6b0, 0x000001961c123570, 0x000001961c1221c0, 0x000001961c12e8e0,
0x0000019674e99890, 0x000001961c124920, 0x000001961c124fb0, 0x000001967b136450,
0x000001967b1350a0, 0x000001967b137800, 0x000001967b134a10, 0x000001967b135730,
0x000001967b138bb0, 0x000001967b139f60, 0x000001967cece520, 0x000001967cecd800,
0x000001967cecf240, 0x000001967cecbdc0, 0x000001967cecf8d0, 0x000001967cecff60,
0x000001967ceccae0, 0x000001967ced05f0, 0x000001967cecd170, 0x000001967ced2030,
0x000001967ced0c80, 0x000001967ced26c0, 0x000001967ced1310, 0x000001967ced2d50,
0x000001967ced19a0, 0x000001967cc63e00, 0x000001967cc61d30, 0x000001967cc64b20,
0x000001967cc63770, 0x000001967cc623c0, 0x000001967cc64490, 0x000001967cc651b0,
0x000001967cc65840, 0x000001967cc65ed0, 0x000001967b79c9e0, 0x000001967b79d070,
0x000001967b7a18a0, 0x000001967b7a0b80, 0x000001967b7a04f0, 0x000001967b7a1210,
0x000001967b79eab0, 0x000001967b7a25c0, 0x000001967b79f140, 0x000001967b7a2c50,
0x000001967b7a32e0, 0x000001967cc66bf0, 0x000001967cc67280, 0x000001967cc67910,
0x000001967cc67fa0, 0x000001967cc68630, 0x000001967dcac610, 0x000001967dcaf400,
0x000001967dcaed70, 0x000001967dcae050, 0x000001967dcabf80, 0x000001967dcafa90,
0x000001967dcb0120, 0x000001967dcad330, 0x000001967dcae6e0, 0x000001967dcacca0,
0x000001967dcb0e40, 0x000001967dcb07b0, 0x000001967dcad9c0, 0x000001967dcb14d0,
0x000001967dcb2f10, 0x000001967dcb1b60, 0x000001967dcb35a0, 0x000001967dcb21f0,
0x000001967dcb2880, 0x0000019601d1ddf0, 0x0000019601d1f830, 0x0000019601d1eb10,
0x0000019601d1fec0, 0x0000019601d1ca40, 0x0000019601d239d0, 0x0000019601d21900,
0x0000019601d20550, 0x0000019601d22cb0, 0x0000019601d21270, 0x0000019601d22620,
0x0000019601d23340, 0x0000019601d21f90, 0x0000019601d20be0, 0x0000019676bb0580,
0x0000019676bb0c10, 0x0000019676bae4b0, 0x0000019676baeb40, 0x0000019676bb12a0,
0x0000019676bb1930, 0x000001967b137170, 0x000001967b134380, 0x000001967b135dc0,
0x000001960a9647b0, 0x000001960a964e80, 0x000001960a9662f0, 0x000001960a965c20,
0x000001967b13ac80
}

Java Threads: ( => current thread )
  0x000001961c06d5c0 JavaThread "main"                              [_thread_blocked, id=30360, stack(0x0000008fad300000,0x0000008fad400000) (1024K)]
  0x000001961c117f70 JavaThread "Reference Handler"          daemon [_thread_blocked, id=9748, stack(0x0000008fad700000,0x0000008fad800000) (1024K)]
  0x000001961c119b00 JavaThread "Finalizer"                  daemon [_thread_blocked, id=45032, stack(0x0000008fad800000,0x0000008fad900000) (1024K)]
  0x000001961c01be90 JavaThread "Signal Dispatcher"          daemon [_thread_blocked, id=31696, stack(0x0000008fad900000,0x0000008fada00000) (1024K)]
  0x000001961c01e6b0 JavaThread "Attach Listener"            daemon [_thread_blocked, id=23888, stack(0x0000008fada00000,0x0000008fadb00000) (1024K)]
  0x000001961c123570 JavaThread "Service Thread"             daemon [_thread_blocked, id=32616, stack(0x0000008fadb00000,0x0000008fadc00000) (1024K)]
  0x000001961c1221c0 JavaThread "Monitor Deflation Thread"   daemon [_thread_blocked, id=41516, stack(0x0000008fadc00000,0x0000008fadd00000) (1024K)]
  0x000001961c12e8e0 JavaThread "C2 CompilerThread0"         daemon [_thread_in_native, id=7932, stack(0x0000008fadd00000,0x0000008fade00000) (1024K)]
  0x0000019674e99890 JavaThread "C1 CompilerThread0"         daemon [_thread_blocked, id=32800, stack(0x0000008fade00000,0x0000008fadf00000) (1024K)]
  0x000001961c124920 JavaThread "Common-Cleaner"             daemon [_thread_blocked, id=47136, stack(0x0000008fae200000,0x0000008fae300000) (1024K)]
  0x000001961c124fb0 JavaThread "Notification Thread"        daemon [_thread_blocked, id=44080, stack(0x0000008fae400000,0x0000008fae500000) (1024K)]
  0x000001967b136450 JavaThread "Active Thread: Equinox Container: ec8542cd-7e26-4a26-8641-167f091e0d86"        [_thread_blocked, id=34256, stack(0x0000008faf200000,0x0000008faf300000) (1024K)]
  0x000001967b1350a0 JavaThread "Framework Event Dispatcher: Equinox Container: ec8542cd-7e26-4a26-8641-167f091e0d86" daemon [_thread_blocked, id=8992, stack(0x0000008faf400000,0x0000008faf500000) (1024K)]
  0x000001967b137800 JavaThread "Start Level: Equinox Container: ec8542cd-7e26-4a26-8641-167f091e0d86" daemon [_thread_blocked, id=7632, stack(0x0000008faf500000,0x0000008faf600000) (1024K)]
  0x000001967b134a10 JavaThread "Bundle File Closer"         daemon [_thread_blocked, id=14744, stack(0x0000008faf600000,0x0000008faf700000) (1024K)]
  0x000001967b135730 JavaThread "Refresh Thread: Equinox Container: ec8542cd-7e26-4a26-8641-167f091e0d86" daemon [_thread_blocked, id=34812, stack(0x0000008faf700000,0x0000008faf800000) (1024K)]
  0x000001967b138bb0 JavaThread "SCR Component Actor"        daemon [_thread_blocked, id=35768, stack(0x0000008fb0500000,0x0000008fb0600000) (1024K)]
  0x000001967b139f60 JavaThread "Worker-JM"                         [_thread_blocked, id=34040, stack(0x0000008fb0900000,0x0000008fb0a00000) (1024K)]
  0x000001967cece520 JavaThread "Worker-0"                          [_thread_blocked, id=37300, stack(0x0000008fb0a00000,0x0000008fb0b00000) (1024K)]
  0x000001967cecd800 JavaThread "Java indexing"              daemon [_thread_blocked, id=28648, stack(0x0000008fb0600000,0x0000008fb0700000) (1024K)]
  0x000001967cecf240 JavaThread "JNA Cleaner"                daemon [_thread_blocked, id=39524, stack(0x0000008fb0e00000,0x0000008fb0f00000) (1024K)]
  0x000001967cecbdc0 JavaThread "Worker-4"                          [_thread_blocked, id=17576, stack(0x0000008fb1100000,0x0000008fb1200000) (1024K)]
  0x000001967cecf8d0 JavaThread "Thread-1"                   daemon [_thread_in_native, id=31248, stack(0x0000008fb1200000,0x0000008fb1300000) (1024K)]
  0x000001967cecff60 JavaThread "Thread-2"                   daemon [_thread_in_native, id=3056, stack(0x0000008fb1300000,0x0000008fb1400000) (1024K)]
  0x000001967ceccae0 JavaThread "Thread-3"                   daemon [_thread_in_native, id=15236, stack(0x0000008fb1400000,0x0000008fb1500000) (1024K)]
  0x000001967ced05f0 JavaThread "Thread-4"                   daemon [_thread_in_native, id=31284, stack(0x0000008fb1500000,0x0000008fb1600000) (1024K)]
  0x000001967cecd170 JavaThread "Thread-5"                   daemon [_thread_in_native, id=40812, stack(0x0000008fb1600000,0x0000008fb1700000) (1024K)]
  0x000001967ced2030 JavaThread "Thread-6"                   daemon [_thread_in_native, id=23052, stack(0x0000008fb1700000,0x0000008fb1800000) (1024K)]
  0x000001967ced0c80 JavaThread "Thread-7"                   daemon [_thread_in_native, id=26728, stack(0x0000008fb1800000,0x0000008fb1900000) (1024K)]
  0x000001967ced26c0 JavaThread "Thread-8"                   daemon [_thread_in_native, id=25052, stack(0x0000008fb1900000,0x0000008fb1a00000) (1024K)]
  0x000001967ced1310 JavaThread "Thread-9"                   daemon [_thread_in_native, id=6872, stack(0x0000008fb1a00000,0x0000008fb1b00000) (1024K)]
  0x000001967ced2d50 JavaThread "Thread-10"                  daemon [_thread_in_native, id=38016, stack(0x0000008fb1b00000,0x0000008fb1c00000) (1024K)]
  0x000001967ced19a0 JavaThread "Thread-11"                  daemon [_thread_in_native, id=7924, stack(0x0000008fb1c00000,0x0000008fb1d00000) (1024K)]
  0x000001967cc63e00 JavaThread "Thread-12"                  daemon [_thread_in_native, id=11900, stack(0x0000008fb1d00000,0x0000008fb1e00000) (1024K)]
  0x000001967cc61d30 JavaThread "Thread-13"                  daemon [_thread_in_native, id=19904, stack(0x0000008fb1e00000,0x0000008fb1f00000) (1024K)]
  0x000001967cc64b20 JavaThread "Thread-14"                  daemon [_thread_in_native, id=9564, stack(0x0000008fb1f00000,0x0000008fb2000000) (1024K)]
  0x000001967cc63770 JavaThread "Thread-15"                  daemon [_thread_in_native, id=19116, stack(0x0000008fb2000000,0x0000008fb2100000) (1024K)]
  0x000001967cc623c0 JavaThread "Thread-16"                  daemon [_thread_in_native, id=38696, stack(0x0000008fb2100000,0x0000008fb2200000) (1024K)]
  0x000001967cc64490 JavaThread "Thread-17"                  daemon [_thread_in_native, id=47696, stack(0x0000008fb2200000,0x0000008fb2300000) (1024K)]
  0x000001967cc651b0 JavaThread "pool-2-thread-1"                   [_thread_blocked, id=40984, stack(0x0000008fb2500000,0x0000008fb2600000) (1024K)]
  0x000001967cc65840 JavaThread "WorkspaceEventsHandler"            [_thread_blocked, id=40080, stack(0x0000008fb2800000,0x0000008fb2900000) (1024K)]
  0x000001967cc65ed0 JavaThread "pool-1-thread-1"                   [_thread_blocked, id=45844, stack(0x0000008fb2900000,0x0000008fb2a00000) (1024K)]
  0x000001967b79c9e0 JavaThread "ForkJoinPool.commonPool-worker-1" daemon [_thread_blocked, id=30912, stack(0x0000008fb2700000,0x0000008fb2800000) (1024K)]
  0x000001967b79d070 JavaThread "ForkJoinPool.commonPool-worker-2" daemon [_thread_blocked, id=2916, stack(0x0000008fb2c00000,0x0000008fb2d00000) (1024K)]
  0x000001967b7a18a0 JavaThread "ForkJoinPool.commonPool-worker-3" daemon [_thread_in_native, id=30232, stack(0x0000008fb2d00000,0x0000008fb2e00000) (1024K)]
  0x000001967b7a0b80 JavaThread "ForkJoinPool.commonPool-worker-5" daemon [_thread_blocked, id=35372, stack(0x0000008fb2f00000,0x0000008fb3000000) (1024K)]
  0x000001967b7a04f0 JavaThread "ForkJoinPool.commonPool-worker-6" daemon [_thread_blocked, id=34604, stack(0x0000008fb3000000,0x0000008fb3100000) (1024K)]
  0x000001967b7a1210 JavaThread "ForkJoinPool.commonPool-worker-7" daemon [_thread_blocked, id=22720, stack(0x0000008fb3100000,0x0000008fb3200000) (1024K)]
  0x000001967b79eab0 JavaThread "LocalFile Deleter"          daemon [_thread_blocked, id=45284, stack(0x0000008fb3300000,0x0000008fb3400000) (1024K)]
  0x000001967b7a25c0 JavaThread "LocalFile Deleter"          daemon [_thread_blocked, id=13384, stack(0x0000008fb3400000,0x0000008fb3500000) (1024K)]
  0x000001967b79f140 JavaThread "LocalFile Deleter"          daemon [_thread_blocked, id=37428, stack(0x0000008fb3500000,0x0000008fb3600000) (1024K)]
  0x000001967b7a2c50 JavaThread "LocalFile Deleter"          daemon [_thread_blocked, id=18788, stack(0x0000008fb3600000,0x0000008fb3700000) (1024K)]
  0x000001967b7a32e0 JavaThread "LocalFile Deleter"          daemon [_thread_blocked, id=33540, stack(0x0000008fb3700000,0x0000008fb3800000) (1024K)]
  0x000001967cc66bf0 JavaThread "LocalFile Deleter"          daemon [_thread_blocked, id=47884, stack(0x0000008fb3800000,0x0000008fb3900000) (1024K)]
  0x000001967cc67280 JavaThread "LocalFile Deleter"          daemon [_thread_blocked, id=4956, stack(0x0000008fb3900000,0x0000008fb3a00000) (1024K)]
  0x000001967cc67910 JavaThread "LocalFile Deleter"          daemon [_thread_blocked, id=34244, stack(0x0000008fb3a00000,0x0000008fb3b00000) (1024K)]
  0x000001967cc67fa0 JavaThread "LocalFile Deleter"          daemon [_thread_blocked, id=23944, stack(0x0000008fb3b00000,0x0000008fb3c00000) (1024K)]
  0x000001967cc68630 JavaThread "LocalFile Deleter"          daemon [_thread_blocked, id=28716, stack(0x0000008fb3c00000,0x0000008fb3d00000) (1024K)]
  0x000001967dcac610 JavaThread "LocalFile Deleter"          daemon [_thread_blocked, id=25292, stack(0x0000008fb3d00000,0x0000008fb3e00000) (1024K)]
  0x000001967dcaf400 JavaThread "LocalFile Deleter"          daemon [_thread_blocked, id=23100, stack(0x0000008fb3e00000,0x0000008fb3f00000) (1024K)]
  0x000001967dcaed70 JavaThread "LocalFile Deleter"          daemon [_thread_blocked, id=37108, stack(0x0000008fb3f00000,0x0000008fb4000000) (1024K)]
  0x000001967dcae050 JavaThread "LocalFile Deleter"          daemon [_thread_blocked, id=34960, stack(0x0000008fb4000000,0x0000008fb4100000) (1024K)]
  0x000001967dcabf80 JavaThread "LocalFile Deleter"          daemon [_thread_blocked, id=28864, stack(0x0000008fb4100000,0x0000008fb4200000) (1024K)]
  0x000001967dcafa90 JavaThread "Compiler Source File Reader" daemon [_thread_blocked, id=30976, stack(0x0000008fb4200000,0x0000008fb4300000) (1024K)]
  0x000001967dcb0120 JavaThread "Compiler Source File Reader" daemon [_thread_blocked, id=42040, stack(0x0000008fb4300000,0x0000008fb4400000) (1024K)]
  0x000001967dcad330 JavaThread "Compiler Source File Reader" daemon [_thread_blocked, id=30932, stack(0x0000008fb4400000,0x0000008fb4500000) (1024K)]
  0x000001967dcae6e0 JavaThread "Compiler Source File Reader" daemon [_thread_blocked, id=46904, stack(0x0000008fb4500000,0x0000008fb4600000) (1024K)]
  0x000001967dcacca0 JavaThread "Compiler Source File Reader" daemon [_thread_blocked, id=41740, stack(0x0000008fb4600000,0x0000008fb4700000) (1024K)]
  0x000001967dcb0e40 JavaThread "Compiler Source File Reader" daemon [_thread_blocked, id=29716, stack(0x0000008fb4700000,0x0000008fb4800000) (1024K)]
  0x000001967dcb07b0 JavaThread "Compiler Source File Reader" daemon [_thread_blocked, id=27148, stack(0x0000008fb4800000,0x0000008fb4900000) (1024K)]
  0x000001967dcad9c0 JavaThread "Compiler Source File Reader" daemon [_thread_blocked, id=31672, stack(0x0000008fb4900000,0x0000008fb4a00000) (1024K)]
  0x000001967dcb14d0 JavaThread "Compiler Source File Reader" daemon [_thread_blocked, id=42180, stack(0x0000008fb4a00000,0x0000008fb4b00000) (1024K)]
  0x000001967dcb2f10 JavaThread "Compiler Source File Reader" daemon [_thread_blocked, id=42472, stack(0x0000008fb4b00000,0x0000008fb4c00000) (1024K)]
  0x000001967dcb1b60 JavaThread "Compiler Source File Reader" daemon [_thread_blocked, id=41216, stack(0x0000008fb4c00000,0x0000008fb4d00000) (1024K)]
  0x000001967dcb35a0 JavaThread "Compiler Source File Reader" daemon [_thread_blocked, id=20548, stack(0x0000008fb4d00000,0x0000008fb4e00000) (1024K)]
  0x000001967dcb21f0 JavaThread "Compiler Source File Reader" daemon [_thread_blocked, id=44228, stack(0x0000008fb4e00000,0x0000008fb4f00000) (1024K)]
  0x000001967dcb2880 JavaThread "Compiler Source File Reader" daemon [_thread_blocked, id=36400, stack(0x0000008fb4f00000,0x0000008fb5000000) (1024K)]
  0x0000019601d1ddf0 JavaThread "Compiler Class File Writer" daemon [_thread_blocked, id=34524, stack(0x0000008fb5100000,0x0000008fb5200000) (1024K)]
  0x0000019601d1f830 JavaThread "Compiler Class File Writer" daemon [_thread_blocked, id=47300, stack(0x0000008fb5200000,0x0000008fb5300000) (1024K)]
  0x0000019601d1eb10 JavaThread "Compiler Class File Writer" daemon [_thread_blocked, id=7756, stack(0x0000008fb5300000,0x0000008fb5400000) (1024K)]
  0x0000019601d1fec0 JavaThread "Compiler Class File Writer" daemon [_thread_blocked, id=42868, stack(0x0000008fb5400000,0x0000008fb5500000) (1024K)]
  0x0000019601d1ca40 JavaThread "Compiler Class File Writer" daemon [_thread_blocked, id=36768, stack(0x0000008fb5500000,0x0000008fb5600000) (1024K)]
  0x0000019601d239d0 JavaThread "Compiler Class File Writer" daemon [_thread_blocked, id=34592, stack(0x0000008fb5600000,0x0000008fb5700000) (1024K)]
  0x0000019601d21900 JavaThread "Compiler Class File Writer" daemon [_thread_blocked, id=41048, stack(0x0000008fb5700000,0x0000008fb5800000) (1024K)]
  0x0000019601d20550 JavaThread "Compiler Class File Writer" daemon [_thread_blocked, id=28756, stack(0x0000008fb5800000,0x0000008fb5900000) (1024K)]
  0x0000019601d22cb0 JavaThread "Compiler Class File Writer" daemon [_thread_blocked, id=33456, stack(0x0000008fb5900000,0x0000008fb5a00000) (1024K)]
  0x0000019601d21270 JavaThread "Compiler Class File Writer" daemon [_thread_blocked, id=40588, stack(0x0000008fb5a00000,0x0000008fb5b00000) (1024K)]
  0x0000019601d22620 JavaThread "Compiler Class File Writer" daemon [_thread_blocked, id=14816, stack(0x0000008fb5b00000,0x0000008fb5c00000) (1024K)]
  0x0000019601d23340 JavaThread "Compiler Class File Writer" daemon [_thread_blocked, id=34360, stack(0x0000008fb5c00000,0x0000008fb5d00000) (1024K)]
  0x0000019601d21f90 JavaThread "Compiler Class File Writer" daemon [_thread_blocked, id=35544, stack(0x0000008fb5d00000,0x0000008fb5e00000) (1024K)]
  0x0000019601d20be0 JavaThread "Compiler Class File Writer" daemon [_thread_blocked, id=38512, stack(0x0000008fb5e00000,0x0000008fb5f00000) (1024K)]
  0x0000019676bb0580 JavaThread "ForkJoinPool.commonPool-worker-8" daemon [_thread_blocked, id=10748, stack(0x0000008fae300000,0x0000008fae400000) (1024K)]
  0x0000019676bb0c10 JavaThread "ForkJoinPool.commonPool-worker-9" daemon [_thread_blocked, id=12492, stack(0x0000008fae500000,0x0000008fae600000) (1024K)]
  0x0000019676bae4b0 JavaThread "ForkJoinPool.commonPool-worker-10" daemon [_thread_blocked, id=36732, stack(0x0000008faec00000,0x0000008faed00000) (1024K)]
  0x0000019676baeb40 JavaThread "ForkJoinPool.commonPool-worker-11" daemon [_thread_blocked, id=45972, stack(0x0000008faed00000,0x0000008faee00000) (1024K)]
  0x0000019676bb12a0 JavaThread "ForkJoinPool.commonPool-worker-12" daemon [_thread_blocked, id=37240, stack(0x0000008faee00000,0x0000008faef00000) (1024K)]
  0x0000019676bb1930 JavaThread "ForkJoinPool.commonPool-worker-13" daemon [_thread_blocked, id=44004, stack(0x0000008faef00000,0x0000008faf000000) (1024K)]
  0x000001967b137170 JavaThread "ForkJoinPool.commonPool-worker-14" daemon [_thread_blocked, id=31964, stack(0x0000008faf000000,0x0000008faf100000) (1024K)]
  0x000001967b134380 JavaThread "ForkJoinPool.commonPool-worker-15" daemon [_thread_blocked, id=16952, stack(0x0000008faf100000,0x0000008faf200000) (1024K)]
  0x000001967b135dc0 JavaThread "Worker-6"                          [_thread_blocked, id=11668, stack(0x0000008fad200000,0x0000008fad300000) (1024K)]
=>0x000001960a9647b0 JavaThread "C2 CompilerThread1"         daemon [_thread_in_native, id=39016, stack(0x0000008fad000000,0x0000008fad100000) (1024K)]
  0x000001960a964e80 JavaThread "C1 CompilerThread1"         daemon [_thread_blocked, id=39900, stack(0x0000008fad100000,0x0000008fad200000) (1024K)]
  0x000001960a9662f0 JavaThread "C1 CompilerThread2"         daemon [_thread_blocked, id=34076, stack(0x0000008fadf00000,0x0000008fae000000) (1024K)]
  0x000001960a965c20 JavaThread "C1 CompilerThread3"         daemon [_thread_blocked, id=23884, stack(0x0000008fae000000,0x0000008fae100000) (1024K)]
  0x000001967b13ac80 JavaThread "Cleaner-0"                  daemon [_thread_blocked, id=31200, stack(0x0000008fae100000,0x0000008fae200000) (1024K)]
Total: 105

Other Threads:
  0x000001961c111b00 VMThread "VM Thread"                           [id=18772, stack(0x0000008fad600000,0x0000008fad700000) (1024K)]
  0x000001961befca10 WatcherThread "VM Periodic Task Thread"        [id=47124, stack(0x0000008fad500000,0x0000008fad600000) (1024K)]
  0x000001961c08c730 WorkerThread "GC Thread#0"                     [id=47384, stack(0x0000008fad400000,0x0000008fad500000) (1024K)]
  0x0000019676c4e780 WorkerThread "GC Thread#1"                     [id=48044, stack(0x0000008fae600000,0x0000008fae700000) (1024K)]
  0x000001967b167030 WorkerThread "GC Thread#2"                     [id=460, stack(0x0000008fae700000,0x0000008fae800000) (1024K)]
  0x000001967b1673e0 WorkerThread "GC Thread#3"                     [id=3256, stack(0x0000008fae800000,0x0000008fae900000) (1024K)]
  0x000001967b167790 WorkerThread "GC Thread#4"                     [id=8920, stack(0x0000008fae900000,0x0000008faea00000) (1024K)]
  0x00000196769c41c0 WorkerThread "GC Thread#5"                     [id=8140, stack(0x0000008faea00000,0x0000008faeb00000) (1024K)]
  0x00000196769c4570 WorkerThread "GC Thread#6"                     [id=4088, stack(0x0000008faeb00000,0x0000008faec00000) (1024K)]
  0x00000196767c96d0 WorkerThread "GC Thread#7"                     [id=48104, stack(0x0000008faf300000,0x0000008faf400000) (1024K)]
  0x000001967bfb5770 WorkerThread "GC Thread#8"                     [id=11680, stack(0x0000008fb0400000,0x0000008fb0500000) (1024K)]
  0x000001967c4672b0 WorkerThread "GC Thread#9"                     [id=34276, stack(0x0000008faf800000,0x0000008faf900000) (1024K)]
  0x000001967bd1f7e0 WorkerThread "GC Thread#10"                    [id=47660, stack(0x0000008fb0300000,0x0000008fb0400000) (1024K)]
  0x000001967c744f60 WorkerThread "GC Thread#11"                    [id=46284, stack(0x0000008fb0700000,0x0000008fb0800000) (1024K)]
  0x000001967cc6bd10 WorkerThread "GC Thread#12"                    [id=20296, stack(0x0000008fb0800000,0x0000008fb0900000) (1024K)]
Total: 15

Threads with active compile tasks:
C2 CompilerThread0  120364 16867       4       java.util.regex.Pattern$CharPropertyGreedy::match (160 bytes)
C2 CompilerThread1  120364 16704       4       org.eclipse.jdt.internal.compiler.lookup.ModuleBinding::getVisiblePackage (472 bytes)
Total: 2

VM state: not at safepoint (normal execution)

VM Mutex/Monitor currently owned by a thread: None

Heap address: 0x0000000080000000, size: 2048 MB, Compressed Oops mode: 32-bit

CDS archive(s) mapped at: [0x0000019633000000-0x0000019633ba0000-0x0000019633ba0000), size 12189696, SharedBaseAddress: 0x0000019633000000, ArchiveRelocationMode: 1.
Compressed class space mapped at: 0x0000019634000000-0x0000019674000000, reserved size: 1073741824
Narrow klass base: 0x0000019633000000, Narrow klass shift: 0, Narrow klass range: 0x100000000

GC Precious Log:
 CardTable entry size: 512
 CPUs: 16 total, 16 available
 Memory: 15610M
 Large Page Support: Disabled
 NUMA Support: Disabled
 Compressed Oops: Enabled (32-bit)
 Alignments: Space 512K, Generation 512K, Heap 2M
 Heap Min Capacity: 100M
 Heap Initial Capacity: 100M
 Heap Max Capacity: 2G
 Pre-touch: Disabled
 Parallel Workers: 13

Heap:
 PSYoungGen      total 6656K, used 3272K [0x00000000d5580000, 0x00000000d5e00000, 0x0000000100000000)
  eden space 5632K, 39% used [0x00000000d5580000,0x00000000d57b21f8,0x00000000d5b00000)
  from space 1024K, 99% used [0x00000000d5c80000,0x00000000d5d7fe90,0x00000000d5d80000)
  to   space 1536K, 0% used [0x00000000d5b00000,0x00000000d5b00000,0x00000000d5c80000)
 ParOldGen       total 956416K, used 956312K [0x0000000080000000, 0x00000000ba600000, 0x00000000d5580000)
  object space 956416K, 99% used [0x0000000080000000,0x00000000ba5e6158,0x00000000ba600000)
 Metaspace       used 78410K, committed 80064K, reserved 1179648K
  class space    used 8090K, committed 8832K, reserved 1048576K

Card table byte_map: [0x000001961ba10000,0x000001961be20000] _byte_map_base: 0x000001961b610000

Marking Bits: (ParMarkBitMap*) 0x00007ff87d333450
 Begin Bits: [0x000001962e520000, 0x0000019630520000)
 End Bits:   [0x0000019630520000, 0x0000019632520000)

Polling page: 0x0000019619c90000

Metaspace:

Usage:
  Non-class:     68.67 MB used.
      Class:      7.90 MB used.
       Both:     76.57 MB used.

Virtual space:
  Non-class space:      128.00 MB reserved,      69.56 MB ( 54%) committed,  2 nodes.
      Class space:        1.00 GB reserved,       8.62 MB ( <1%) committed,  1 nodes.
             Both:        1.12 GB reserved,      78.19 MB (  7%) committed. 

Chunk freelists:
   Non-Class:  10.25 MB
       Class:  7.36 MB
        Both:  17.61 MB

MaxMetaspaceSize: unlimited
CompressedClassSpaceSize: 1.00 GB
Initial GC threshold: 21.00 MB
Current GC threshold: 97.31 MB
CDS: on
 - commit_granule_bytes: 65536.
 - commit_granule_words: 8192.
 - virtual_space_node_default_size: 8388608.
 - enlarge_chunks_in_place: 1.
 - use_allocation_guard: 0.


Internal statistics:

num_allocs_failed_limit: 9.
num_arena_births: 1338.
num_arena_deaths: 36.
num_vsnodes_births: 3.
num_vsnodes_deaths: 0.
num_space_committed: 1251.
num_space_uncommitted: 0.
num_chunks_returned_to_freelist: 53.
num_chunks_taken_from_freelist: 4854.
num_chunk_merges: 18.
num_chunk_splits: 3000.
num_chunks_enlarged: 1764.
num_inconsistent_stats: 0.

CodeHeap 'non-profiled nmethods': size=119168Kb used=15273Kb max_used=15273Kb free=103895Kb
 bounds [0x0000019626e10000, 0x0000019627d00000, 0x000001962e270000]
CodeHeap 'profiled nmethods': size=119104Kb used=39832Kb max_used=39832Kb free=79271Kb
 bounds [0x000001961f270000, 0x0000019621960000, 0x00000196266c0000]
CodeHeap 'non-nmethods': size=7488Kb used=3195Kb max_used=3254Kb free=4292Kb
 bounds [0x00000196266c0000, 0x0000019626a10000, 0x0000019626e10000]
CodeCache: size=245760Kb, used=58300Kb, max_used=58359Kb, free=187458Kb
 total_blobs=16791, nmethods=15967, adapters=724, full_count=0
Compilation: enabled, stopped_count=0, restarted_count=0

Compilation events (20 events):
Event: 119.245 Thread 0x000001960a965c20 nmethod 16904 0x0000019621951390 code [0x0000019621951740, 0x0000019621952e40]
Event: 119.245 Thread 0x000001960a9662f0 nmethod 16910 0x0000019627cedb90 code [0x0000019627cedd20, 0x0000019627cedde8]
Event: 119.245 Thread 0x0000019674e99890 nmethod 16911 0x0000019627cede90 code [0x0000019627cee020, 0x0000019627cee0e8]
Event: 119.245 Thread 0x000001960a965c20 16913       1       org.eclipse.jdt.core.dom.ASTVisitor::visit (2 bytes)
Event: 119.245 Thread 0x000001960a964e80 nmethod 16909 0x0000019621953610 code [0x0000019621953840, 0x0000019621953ee8]
Event: 119.245 Thread 0x000001960a965c20 nmethod 16913 0x0000019627cee190 code [0x0000019627cee320, 0x0000019627cee3e8]
Event: 119.277 Thread 0x000001960a965c20 16916       3       org.eclipse.jdt.internal.compiler.parser.Parser::concatGenericsLists (31 bytes)
Event: 119.277 Thread 0x000001960a9662f0 16917       3       org.eclipse.jdt.internal.compiler.ast.Javadoc::<init> (38 bytes)
Event: 119.277 Thread 0x000001960a965c20 nmethod 16916 0x0000019621954190 code [0x0000019621954340, 0x00000196219544a8]
Event: 119.278 Thread 0x000001960a9662f0 nmethod 16917 0x0000019621954590 code [0x0000019621954740, 0x0000019621954948]
Event: 119.279 Thread 0x000001961c12e8e0 nmethod 16672 0x0000019627cee490 code [0x0000019627ceec40, 0x0000019627cf2938]
Event: 119.279 Thread 0x000001960a9662f0 16918       3       org.eclipse.jdt.internal.core.util.MementoTokenizer::getStringDelimitedBy (39 bytes)
Event: 119.280 Thread 0x000001960a9662f0 nmethod 16918 0x0000019621954a10 code [0x0000019621954be0, 0x0000019621954e10]
Event: 119.280 Thread 0x000001960a9662f0 16919       3       org.eclipse.jdt.internal.core.JavaElement::getSourceMapper (8 bytes)
Event: 119.280 Thread 0x000001961c12e8e0 16863   !   4       org.eclipse.jdt.internal.compiler.parser.Scanner::getNextToken0 (3068 bytes)
Event: 119.280 Thread 0x000001960a9662f0 nmethod 16919 0x0000019621954f10 code [0x00000196219550c0, 0x0000019621955330]
Event: 119.281 Thread 0x000001960a9662f0 16920       3       org.eclipse.jdt.core.Signature::getSignatureQualifier (121 bytes)
Event: 119.281 Thread 0x000001960a964e80 16921       3       org.eclipse.jdt.internal.compiler.util.Util::isClassFileName (73 bytes)
Event: 119.281 Thread 0x000001960a964e80 nmethod 16921 0x0000019621955410 code [0x00000196219555e0, 0x0000019621955920]
Event: 119.281 Thread 0x000001960a9662f0 nmethod 16920 0x0000019621955a90 code [0x0000019621955c80, 0x0000019621956158]

GC Heap History (20 events):
Event: 105.095 GC heap before
{Heap before GC invocations=1749 (full 3):
 PSYoungGen      total 6656K, used 6586K [0x00000000d5580000, 0x00000000d5f80000, 0x0000000100000000)
  eden space 6144K, 100% used [0x00000000d5580000,0x00000000d5b80000,0x00000000d5b80000)
  from space 512K, 86% used [0x00000000d5d80000,0x00000000d5dee900,0x00000000d5e00000)
  to   space 1024K, 0% used [0x00000000d5e80000,0x00000000d5e80000,0x00000000d5f80000)
 ParOldGen       total 949760K, used 949308K [0x0000000080000000, 0x00000000b9f80000, 0x00000000d5580000)
  object space 949760K, 99% used [0x0000000080000000,0x00000000b9f0f0a0,0x00000000b9f80000)
 Metaspace       used 75126K, committed 76864K, reserved 1179648K
  class space    used 7836K, committed 8576K, reserved 1048576K
}
Event: 105.098 GC heap after
{Heap after GC invocations=1749 (full 3):
 PSYoungGen      total 6656K, used 416K [0x00000000d5580000, 0x00000000d5f00000, 0x0000000100000000)
  eden space 6144K, 0% used [0x00000000d5580000,0x00000000d5580000,0x00000000d5b80000)
  from space 512K, 81% used [0x00000000d5e80000,0x00000000d5ee8000,0x00000000d5f00000)
  to   space 512K, 0% used [0x00000000d5d80000,0x00000000d5d80000,0x00000000d5e00000)
 ParOldGen       total 949760K, used 949356K [0x0000000080000000, 0x00000000b9f80000, 0x00000000d5580000)
  object space 949760K, 99% used [0x0000000080000000,0x00000000b9f1b0a0,0x00000000b9f80000)
 Metaspace       used 75126K, committed 76864K, reserved 1179648K
  class space    used 7836K, committed 8576K, reserved 1048576K
}
Event: 105.635 GC heap before
{Heap before GC invocations=1750 (full 3):
 PSYoungGen      total 6656K, used 6460K [0x00000000d5580000, 0x00000000d5f00000, 0x0000000100000000)
  eden space 6144K, 98% used [0x00000000d5580000,0x00000000d5b673c0,0x00000000d5b80000)
  from space 512K, 81% used [0x00000000d5e80000,0x00000000d5ee8000,0x00000000d5f00000)
  to   space 512K, 0% used [0x00000000d5d80000,0x00000000d5d80000,0x00000000d5e00000)
 ParOldGen       total 949760K, used 949356K [0x0000000080000000, 0x00000000b9f80000, 0x00000000d5580000)
  object space 949760K, 99% used [0x0000000080000000,0x00000000b9f1b0a0,0x00000000b9f80000)
 Metaspace       used 75163K, committed 76864K, reserved 1179648K
  class space    used 7837K, committed 8576K, reserved 1048576K
}
Event: 105.641 GC heap after
{Heap after GC invocations=1750 (full 3):
 PSYoungGen      total 6656K, used 496K [0x00000000d5580000, 0x00000000d5f00000, 0x0000000100000000)
  eden space 6144K, 0% used [0x00000000d5580000,0x00000000d5580000,0x00000000d5b80000)
  from space 512K, 96% used [0x00000000d5d80000,0x00000000d5dfc100,0x00000000d5e00000)
  to   space 1024K, 0% used [0x00000000d5e00000,0x00000000d5e00000,0x00000000d5f00000)
 ParOldGen       total 950272K, used 950165K [0x0000000080000000, 0x00000000ba000000, 0x00000000d5580000)
  object space 950272K, 99% used [0x0000000080000000,0x00000000b9fe5720,0x00000000ba000000)
 Metaspace       used 75163K, committed 76864K, reserved 1179648K
  class space    used 7837K, committed 8576K, reserved 1048576K
}
Event: 105.722 GC heap before
{Heap before GC invocations=1751 (full 3):
 PSYoungGen      total 6656K, used 6640K [0x00000000d5580000, 0x00000000d5f00000, 0x0000000100000000)
  eden space 6144K, 100% used [0x00000000d5580000,0x00000000d5b80000,0x00000000d5b80000)
  from space 512K, 96% used [0x00000000d5d80000,0x00000000d5dfc100,0x00000000d5e00000)
  to   space 1024K, 0% used [0x00000000d5e00000,0x00000000d5e00000,0x00000000d5f00000)
 ParOldGen       total 950272K, used 950165K [0x0000000080000000, 0x00000000ba000000, 0x00000000d5580000)
  object space 950272K, 99% used [0x0000000080000000,0x00000000b9fe5720,0x00000000ba000000)
 Metaspace       used 75229K, committed 76928K, reserved 1179648K
  class space    used 7838K, committed 8576K, reserved 1048576K
}
Event: 105.727 GC heap after
{Heap after GC invocations=1751 (full 3):
 PSYoungGen      total 7168K, used 1000K [0x00000000d5580000, 0x00000000d6080000, 0x0000000100000000)
  eden space 6144K, 0% used [0x00000000d5580000,0x00000000d5580000,0x00000000d5b80000)
  from space 1024K, 97% used [0x00000000d5e00000,0x00000000d5efa128,0x00000000d5f00000)
  to   space 2560K, 0% used [0x00000000d5b80000,0x00000000d5b80000,0x00000000d5e00000)
 ParOldGen       total 951296K, used 951138K [0x0000000080000000, 0x00000000ba100000, 0x00000000d5580000)
  object space 951296K, 99% used [0x0000000080000000,0x00000000ba0d89b0,0x00000000ba100000)
 Metaspace       used 75229K, committed 76928K, reserved 1179648K
  class space    used 7838K, committed 8576K, reserved 1048576K
}
Event: 105.782 GC heap before
{Heap before GC invocations=1752 (full 3):
 PSYoungGen      total 7168K, used 7144K [0x00000000d5580000, 0x00000000d6080000, 0x0000000100000000)
  eden space 6144K, 100% used [0x00000000d5580000,0x00000000d5b80000,0x00000000d5b80000)
  from space 1024K, 97% used [0x00000000d5e00000,0x00000000d5efa128,0x00000000d5f00000)
  to   space 2560K, 0% used [0x00000000d5b80000,0x00000000d5b80000,0x00000000d5e00000)
 ParOldGen       total 951296K, used 951138K [0x0000000080000000, 0x00000000ba100000, 0x00000000d5580000)
  object space 951296K, 99% used [0x0000000080000000,0x00000000ba0d89b0,0x00000000ba100000)
 Metaspace       used 75269K, committed 76992K, reserved 1179648K
  class space    used 7839K, committed 8576K, reserved 1048576K
}
Event: 105.785 GC heap after
{Heap after GC invocations=1752 (full 3):
 PSYoungGen      total 7680K, used 1216K [0x00000000d5580000, 0x00000000d5e80000, 0x0000000100000000)
  eden space 6144K, 0% used [0x00000000d5580000,0x00000000d5580000,0x00000000d5b80000)
  from space 1536K, 79% used [0x00000000d5b80000,0x00000000d5cb0000,0x00000000d5d00000)
  to   space 1536K, 0% used [0x00000000d5d00000,0x00000000d5d00000,0x00000000d5e80000)
 ParOldGen       total 952320K, used 952135K [0x0000000080000000, 0x00000000ba200000, 0x00000000d5580000)
  object space 952320K, 99% used [0x0000000080000000,0x00000000ba1d1da8,0x00000000ba200000)
 Metaspace       used 75269K, committed 76992K, reserved 1179648K
  class space    used 7839K, committed 8576K, reserved 1048576K
}
Event: 113.729 GC heap before
{Heap before GC invocations=1753 (full 3):
 PSYoungGen      total 7680K, used 7324K [0x00000000d5580000, 0x00000000d5e80000, 0x0000000100000000)
  eden space 6144K, 99% used [0x00000000d5580000,0x00000000d5b77120,0x00000000d5b80000)
  from space 1536K, 79% used [0x00000000d5b80000,0x00000000d5cb0000,0x00000000d5d00000)
  to   space 1536K, 0% used [0x00000000d5d00000,0x00000000d5d00000,0x00000000d5e80000)
 ParOldGen       total 952320K, used 952135K [0x0000000080000000, 0x00000000ba200000, 0x00000000d5580000)
  object space 952320K, 99% used [0x0000000080000000,0x00000000ba1d1da8,0x00000000ba200000)
 Metaspace       used 76007K, committed 77696K, reserved 1179648K
  class space    used 7902K, committed 8640K, reserved 1048576K
}
Event: 113.731 GC heap after
{Heap after GC invocations=1753 (full 3):
 PSYoungGen      total 6656K, used 429K [0x00000000d5580000, 0x00000000d5d80000, 0x0000000100000000)
  eden space 6144K, 0% used [0x00000000d5580000,0x00000000d5580000,0x00000000d5b80000)
  from space 512K, 83% used [0x00000000d5d00000,0x00000000d5d6b5e0,0x00000000d5d80000)
  to   space 1024K, 0% used [0x00000000d5b80000,0x00000000d5b80000,0x00000000d5c80000)
 ParOldGen       total 952320K, used 952262K [0x0000000080000000, 0x00000000ba200000, 0x00000000d5580000)
  object space 952320K, 99% used [0x0000000080000000,0x00000000ba1f1bd8,0x00000000ba200000)
 Metaspace       used 76007K, committed 77696K, reserved 1179648K
  class space    used 7902K, committed 8640K, reserved 1048576K
}
Event: 113.792 GC heap before
{Heap before GC invocations=1754 (full 3):
 PSYoungGen      total 6656K, used 6573K [0x00000000d5580000, 0x00000000d5d80000, 0x0000000100000000)
  eden space 6144K, 100% used [0x00000000d5580000,0x00000000d5b80000,0x00000000d5b80000)
  from space 512K, 83% used [0x00000000d5d00000,0x00000000d5d6b5e0,0x00000000d5d80000)
  to   space 1024K, 0% used [0x00000000d5b80000,0x00000000d5b80000,0x00000000d5c80000)
 ParOldGen       total 952320K, used 952262K [0x0000000080000000, 0x00000000ba200000, 0x00000000d5580000)
  object space 952320K, 99% used [0x0000000080000000,0x00000000ba1f1bd8,0x00000000ba200000)
 Metaspace       used 76235K, committed 77888K, reserved 1179648K
  class space    used 7915K, committed 8640K, reserved 1048576K
}
Event: 113.795 GC heap after
{Heap after GC invocations=1754 (full 3):
 PSYoungGen      total 7168K, used 1019K [0x00000000d5580000, 0x00000000d5f80000, 0x0000000100000000)
  eden space 6144K, 0% used [0x00000000d5580000,0x00000000d5580000,0x00000000d5b80000)
  from space 1024K, 99% used [0x00000000d5b80000,0x00000000d5c7ee18,0x00000000d5c80000)
  to   space 2048K, 0% used [0x00000000d5d80000,0x00000000d5d80000,0x00000000d5f80000)
 ParOldGen       total 952832K, used 952731K [0x0000000080000000, 0x00000000ba280000, 0x00000000d5580000)
  object space 952832K, 99% used [0x0000000080000000,0x00000000ba266e88,0x00000000ba280000)
 Metaspace       used 76235K, committed 77888K, reserved 1179648K
  class space    used 7915K, committed 8640K, reserved 1048576K
}
Event: 114.972 GC heap before
{Heap before GC invocations=1755 (full 3):
 PSYoungGen      total 7168K, used 7163K [0x00000000d5580000, 0x00000000d5f80000, 0x0000000100000000)
  eden space 6144K, 100% used [0x00000000d5580000,0x00000000d5b80000,0x00000000d5b80000)
  from space 1024K, 99% used [0x00000000d5b80000,0x00000000d5c7ee18,0x00000000d5c80000)
  to   space 2048K, 0% used [0x00000000d5d80000,0x00000000d5d80000,0x00000000d5f80000)
 ParOldGen       total 952832K, used 952731K [0x0000000080000000, 0x00000000ba280000, 0x00000000d5580000)
  object space 952832K, 99% used [0x0000000080000000,0x00000000ba266e88,0x00000000ba280000)
 Metaspace       used 76417K, committed 78080K, reserved 1179648K
  class space    used 7929K, committed 8640K, reserved 1048576K
}
Event: 115.985 GC heap after
{Heap after GC invocations=1755 (full 3):
 PSYoungGen      total 7680K, used 1106K [0x00000000d5580000, 0x00000000d5f00000, 0x0000000100000000)
  eden space 6144K, 0% used [0x00000000d5580000,0x00000000d5580000,0x00000000d5b80000)
  from space 1536K, 72% used [0x00000000d5d80000,0x00000000d5e949b8,0x00000000d5f00000)
  to   space 1536K, 0% used [0x00000000d5c00000,0x00000000d5c00000,0x00000000d5d80000)
 ParOldGen       total 953856K, used 953776K [0x0000000080000000, 0x00000000ba380000, 0x00000000d5580000)
  object space 953856K, 99% used [0x0000000080000000,0x00000000ba36c250,0x00000000ba380000)
 Metaspace       used 76417K, committed 78080K, reserved 1179648K
  class space    used 7929K, committed 8640K, reserved 1048576K
}
Event: 118.135 GC heap before
{Heap before GC invocations=1756 (full 3):
 PSYoungGen      total 7680K, used 7250K [0x00000000d5580000, 0x00000000d5f00000, 0x0000000100000000)
  eden space 6144K, 100% used [0x00000000d5580000,0x00000000d5b80000,0x00000000d5b80000)
  from space 1536K, 72% used [0x00000000d5d80000,0x00000000d5e949b8,0x00000000d5f00000)
  to   space 1536K, 0% used [0x00000000d5c00000,0x00000000d5c00000,0x00000000d5d80000)
 ParOldGen       total 953856K, used 953776K [0x0000000080000000, 0x00000000ba380000, 0x00000000d5580000)
  object space 953856K, 99% used [0x0000000080000000,0x00000000ba36c250,0x00000000ba380000)
 Metaspace       used 77355K, committed 79040K, reserved 1179648K
  class space    used 8009K, committed 8704K, reserved 1048576K
}
Event: 118.138 GC heap after
{Heap after GC invocations=1756 (full 3):
 PSYoungGen      total 7168K, used 768K [0x00000000d5580000, 0x00000000d5e00000, 0x0000000100000000)
  eden space 6144K, 0% used [0x00000000d5580000,0x00000000d5580000,0x00000000d5b80000)
  from space 1024K, 75% used [0x00000000d5c00000,0x00000000d5cc0020,0x00000000d5d00000)
  to   space 1024K, 0% used [0x00000000d5d00000,0x00000000d5d00000,0x00000000d5e00000)
 ParOldGen       total 954880K, used 954809K [0x0000000080000000, 0x00000000ba480000, 0x00000000d5580000)
  object space 954880K, 99% used [0x0000000080000000,0x00000000ba46e670,0x00000000ba480000)
 Metaspace       used 77355K, committed 79040K, reserved 1179648K
  class space    used 8009K, committed 8704K, reserved 1048576K
}
Event: 118.180 GC heap before
{Heap before GC invocations=1757 (full 3):
 PSYoungGen      total 7168K, used 6866K [0x00000000d5580000, 0x00000000d5e00000, 0x0000000100000000)
  eden space 6144K, 99% used [0x00000000d5580000,0x00000000d5b74878,0x00000000d5b80000)
  from space 1024K, 75% used [0x00000000d5c00000,0x00000000d5cc0020,0x00000000d5d00000)
  to   space 1024K, 0% used [0x00000000d5d00000,0x00000000d5d00000,0x00000000d5e00000)
 ParOldGen       total 954880K, used 954809K [0x0000000080000000, 0x00000000ba480000, 0x00000000d5580000)
  object space 954880K, 99% used [0x0000000080000000,0x00000000ba46e670,0x00000000ba480000)
 Metaspace       used 77627K, committed 79296K, reserved 1179648K
  class space    used 8025K, committed 8768K, reserved 1048576K
}
Event: 118.183 GC heap after
{Heap after GC invocations=1757 (full 3):
 PSYoungGen      total 6656K, used 998K [0x00000000d5580000, 0x00000000d5f80000, 0x0000000100000000)
  eden space 5632K, 0% used [0x00000000d5580000,0x00000000d5580000,0x00000000d5b00000)
  from space 1024K, 97% used [0x00000000d5d00000,0x00000000d5df9980,0x00000000d5e00000)
  to   space 2048K, 0% used [0x00000000d5b00000,0x00000000d5b00000,0x00000000d5d00000)
 ParOldGen       total 955392K, used 955312K [0x0000000080000000, 0x00000000ba500000, 0x00000000d5580000)
  object space 955392K, 99% used [0x0000000080000000,0x00000000ba4ec090,0x00000000ba500000)
 Metaspace       used 77627K, committed 79296K, reserved 1179648K
  class space    used 8025K, committed 8768K, reserved 1048576K
}
Event: 119.239 GC heap before
{Heap before GC invocations=1758 (full 3):
 PSYoungGen      total 6656K, used 5921K [0x00000000d5580000, 0x00000000d5f80000, 0x0000000100000000)
  eden space 5632K, 87% used [0x00000000d5580000,0x00000000d5a4ed18,0x00000000d5b00000)
  from space 1024K, 97% used [0x00000000d5d00000,0x00000000d5df9980,0x00000000d5e00000)
  to   space 2048K, 0% used [0x00000000d5b00000,0x00000000d5b00000,0x00000000d5d00000)
 ParOldGen       total 955392K, used 955312K [0x0000000080000000, 0x00000000ba500000, 0x00000000d5580000)
  object space 955392K, 99% used [0x0000000080000000,0x00000000ba4ec090,0x00000000ba500000)
 Metaspace       used 77939K, committed 79616K, reserved 1179648K
  class space    used 8045K, committed 8768K, reserved 1048576K
}
Event: 119.243 GC heap after
{Heap after GC invocations=1758 (full 3):
 PSYoungGen      total 6656K, used 515K [0x00000000d5580000, 0x00000000d5d80000, 0x0000000100000000)
  eden space 5632K, 0% used [0x00000000d5580000,0x00000000d5580000,0x00000000d5b00000)
  from space 1024K, 50% used [0x00000000d5b00000,0x00000000d5b80c80,0x00000000d5c00000)
  to   space 1024K, 0% used [0x00000000d5c80000,0x00000000d5c80000,0x00000000d5d80000)
 ParOldGen       total 956416K, used 956096K [0x0000000080000000, 0x00000000ba600000, 0x00000000d5580000)
  object space 956416K, 99% used [0x0000000080000000,0x00000000ba5b0158,0x00000000ba600000)
 Metaspace       used 77939K, committed 79616K, reserved 1179648K
  class space    used 8045K, committed 8768K, reserved 1048576K
}

Dll operation events (14 events):
Event: 0.012 Loaded shared library c:\Users\Nam Thang\.vscode\extensions\redhat.java-1.54.0-win32-x64\jre\21.0.10-win32-x86_64\bin\java.dll
Event: 0.042 Loaded shared library c:\Users\Nam Thang\.vscode\extensions\redhat.java-1.54.0-win32-x64\jre\21.0.10-win32-x86_64\bin\zip.dll
Event: 0.115 Loaded shared library C:\Users\Nam Thang\.vscode\extensions\redhat.java-1.54.0-win32-x64\jre\21.0.10-win32-x86_64\bin\instrument.dll
Event: 0.121 Loaded shared library C:\Users\Nam Thang\.vscode\extensions\redhat.java-1.54.0-win32-x64\jre\21.0.10-win32-x86_64\bin\net.dll
Event: 0.125 Loaded shared library C:\Users\Nam Thang\.vscode\extensions\redhat.java-1.54.0-win32-x64\jre\21.0.10-win32-x86_64\bin\nio.dll
Event: 0.130 Loaded shared library C:\Users\Nam Thang\.vscode\extensions\redhat.java-1.54.0-win32-x64\jre\21.0.10-win32-x86_64\bin\zip.dll
Event: 0.158 Loaded shared library C:\Users\Nam Thang\.vscode\extensions\redhat.java-1.54.0-win32-x64\jre\21.0.10-win32-x86_64\bin\jimage.dll
Event: 0.257 Loaded shared library c:\Users\Nam Thang\.vscode\extensions\redhat.java-1.54.0-win32-x64\jre\21.0.10-win32-x86_64\bin\verify.dll
Event: 2.147 Loaded shared library C:\Users\Nam Thang\AppData\Roaming\Code\User\globalStorage\redhat.java\1.54.0\config_win\org.eclipse.equinox.launcher\org.eclipse.equinox.launcher.win32.win32.x86_64_1.3.0.v20260203-2149\eclipse_11919.dll
Event: 3.720 Loaded shared library C:\Users\Nam Thang\.vscode\extensions\redhat.java-1.54.0-win32-x64\jre\21.0.10-win32-x86_64\bin\management.dll
Event: 3.723 Loaded shared library C:\Users\Nam Thang\.vscode\extensions\redhat.java-1.54.0-win32-x64\jre\21.0.10-win32-x86_64\bin\management_ext.dll
Event: 5.304 Loaded shared library C:\Users\Nam Thang\AppData\Local\Temp\jna-1251907616\jna18363645325895101336.dll
Event: 6.037 Loaded shared library C:\Users\Nam Thang\.vscode\extensions\redhat.java-1.54.0-win32-x64\jre\21.0.10-win32-x86_64\bin\sunmscapi.dll
Event: 6.284 Loaded shared library C:\Users\Nam Thang\.vscode\extensions\redhat.java-1.54.0-win32-x64\jre\21.0.10-win32-x86_64\bin\extnet.dll

Deoptimization events (20 events):
Event: 118.194 Thread 0x0000019676bb1930 DEOPT PACKING pc=0x000001962170ccf1 sp=0x0000008faeffd8b0
Event: 118.194 Thread 0x0000019676bb1930 DEOPT UNPACKING pc=0x0000019626714242 sp=0x0000008faeffcd80 mode 0
Event: 118.195 Thread 0x0000019676bb1930 DEOPT PACKING pc=0x000001962170ccf1 sp=0x0000008faeffd8b0
Event: 118.195 Thread 0x0000019676bb1930 DEOPT UNPACKING pc=0x0000019626714242 sp=0x0000008faeffcd80 mode 0
Event: 118.196 Thread 0x0000019676bb1930 DEOPT PACKING pc=0x0000019620df745a sp=0x0000008faeffd890
Event: 118.196 Thread 0x0000019676bb1930 DEOPT UNPACKING pc=0x0000019626714242 sp=0x0000008faeffcda8 mode 0
Event: 118.197 Thread 0x0000019676bb1930 DEOPT PACKING pc=0x000001962170ccf1 sp=0x0000008faeffd8b0
Event: 118.197 Thread 0x0000019676bb1930 DEOPT UNPACKING pc=0x0000019626714242 sp=0x0000008faeffcd80 mode 0
Event: 118.199 Thread 0x0000019676bb1930 DEOPT PACKING pc=0x000001962170ccf1 sp=0x0000008faeffd8b0
Event: 118.199 Thread 0x0000019676bb1930 DEOPT UNPACKING pc=0x0000019626714242 sp=0x0000008faeffcd80 mode 0
Event: 118.199 Thread 0x0000019676bb1930 DEOPT PACKING pc=0x000001962170ccf1 sp=0x0000008faeffd8b0
Event: 118.199 Thread 0x0000019676bb1930 DEOPT UNPACKING pc=0x0000019626714242 sp=0x0000008faeffcd80 mode 0
Event: 118.200 Thread 0x0000019676bb1930 DEOPT PACKING pc=0x000001962170ccf1 sp=0x0000008faeffd8b0
Event: 118.200 Thread 0x0000019676bb1930 DEOPT UNPACKING pc=0x0000019626714242 sp=0x0000008faeffcd80 mode 0
Event: 118.201 Thread 0x0000019676bb1930 DEOPT PACKING pc=0x000001962170ccf1 sp=0x0000008faeffd8b0
Event: 118.201 Thread 0x0000019676bb1930 DEOPT UNPACKING pc=0x0000019626714242 sp=0x0000008faeffcd80 mode 0
Event: 118.204 Thread 0x0000019676bb1930 Uncommon trap: trap_request=0xffffff45 fr.pc=0x0000019627827710 relative=0x0000000000000ab0
Event: 118.204 Thread 0x0000019676bb1930 Uncommon trap: reason=unstable_if action=reinterpret pc=0x0000019627827710 method=lombok.eclipse.EclipseNode.traverse(Llombok/eclipse/EclipseASTVisitor;)V @ 28 c2
Event: 118.204 Thread 0x0000019676bb1930 DEOPT PACKING pc=0x0000019627827710 sp=0x0000008faeffd420
Event: 118.204 Thread 0x0000019676bb1930 DEOPT UNPACKING pc=0x0000019626713aa2 sp=0x0000008faeffd3c8 mode 2

Classes loaded (20 events):
Event: 17.335 Loading class sun/security/ssl/Alert$AlertConsumer
Event: 17.335 Loading class sun/security/ssl/Alert$AlertConsumer done
Event: 17.335 Loading class sun/security/ssl/Alert$Level
Event: 17.335 Loading class sun/security/ssl/Alert$Level done
Event: 17.366 Loading class jdk/internal/module/IllegalAccessLogger
Event: 17.366 Loading class jdk/internal/module/IllegalAccessLogger done
Event: 17.625 Loading class java/io/CharArrayWriter
Event: 17.625 Loading class java/io/CharArrayWriter done
Event: 17.640 Loading class java/nio/file/attribute/PosixFileAttributes
Event: 17.640 Loading class java/nio/file/attribute/PosixFileAttributes done
Event: 101.816 Loading class java/io/SequenceInputStream
Event: 101.816 Loading class java/io/SequenceInputStream done
Event: 113.325 Loading class java/lang/Throwable$WrappedPrintWriter
Event: 113.325 Loading class java/lang/Throwable$PrintStreamOrWriter
Event: 113.325 Loading class java/lang/Throwable$PrintStreamOrWriter done
Event: 113.325 Loading class java/lang/Throwable$WrappedPrintWriter done
Event: 113.748 Loading class java/lang/UnsupportedClassVersionError
Event: 113.748 Loading class java/lang/UnsupportedClassVersionError done
Event: 119.297 Loading class jdk/internal/ref/CleanerImpl$InnocuousThreadFactory
Event: 119.297 Loading class jdk/internal/ref/CleanerImpl$InnocuousThreadFactory done

Classes unloaded (18 events):
Event: 4.307 Thread 0x000001961c111b00 Unloading class 0x00000196341b2c00 'java/lang/invoke/LambdaForm$MH+0x00000196341b2c00'
Event: 4.307 Thread 0x000001961c111b00 Unloading class 0x00000196341b2800 'java/lang/invoke/LambdaForm$MH+0x00000196341b2800'
Event: 4.307 Thread 0x000001961c111b00 Unloading class 0x00000196341b2400 'java/lang/invoke/LambdaForm$MH+0x00000196341b2400'
Event: 4.307 Thread 0x000001961c111b00 Unloading class 0x00000196341b2000 'java/lang/invoke/LambdaForm$MH+0x00000196341b2000'
Event: 4.307 Thread 0x000001961c111b00 Unloading class 0x00000196341b1c00 'java/lang/invoke/LambdaForm$BMH+0x00000196341b1c00'
Event: 4.307 Thread 0x000001961c111b00 Unloading class 0x00000196341b1800 'java/lang/invoke/LambdaForm$DMH+0x00000196341b1800'
Event: 4.307 Thread 0x000001961c111b00 Unloading class 0x00000196341b0800 'java/lang/invoke/LambdaForm$DMH+0x00000196341b0800'
Event: 5.888 Thread 0x000001961c111b00 Unloading class 0x000001963431a800 'java/lang/invoke/LambdaForm$MH+0x000001963431a800'
Event: 5.888 Thread 0x000001961c111b00 Unloading class 0x0000019634319c00 'java/lang/invoke/LambdaForm$MH+0x0000019634319c00'
Event: 5.888 Thread 0x000001961c111b00 Unloading class 0x0000019634319400 'java/lang/invoke/LambdaForm$MH+0x0000019634319400'
Event: 5.888 Thread 0x000001961c111b00 Unloading class 0x0000019634318c00 'java/lang/invoke/LambdaForm$MH+0x0000019634318c00'
Event: 5.888 Thread 0x000001961c111b00 Unloading class 0x0000019634318800 'java/lang/invoke/LambdaForm$DMH+0x0000019634318800'
Event: 5.888 Thread 0x000001961c111b00 Unloading class 0x0000019634317c00 'java/lang/invoke/LambdaForm$MH+0x0000019634317c00'
Event: 11.738 Thread 0x000001961c111b00 Unloading class 0x0000019634642c00 'java/lang/invoke/LambdaForm$DMH+0x0000019634642c00'
Event: 11.738 Thread 0x000001961c111b00 Unloading class 0x0000019634642400 'java/lang/invoke/LambdaForm$DMH+0x0000019634642400'
Event: 11.738 Thread 0x000001961c111b00 Unloading class 0x0000019634642800 'java/lang/invoke/LambdaForm$DMH+0x0000019634642800'
Event: 11.738 Thread 0x000001961c111b00 Unloading class 0x0000019634642000 'java/lang/invoke/LambdaForm$DMH+0x0000019634642000'
Event: 11.738 Thread 0x000001961c111b00 Unloading class 0x00000196345d0400 'java/lang/invoke/LambdaForm$DMH+0x00000196345d0400'

Classes redefined (0 events):
No events

Internal exceptions (20 events):
Event: 35.859 Thread 0x000001967cecd800 Exception <a 'java/lang/NullPointerException'{0x00000000d564c180}> (0x00000000d564c180) 
thrown [s\src\hotspot\share\runtime\sharedRuntime.cpp, line 625]
Event: 36.011 Thread 0x000001967cecd800 Exception <a 'sun/nio/fs/WindowsException'{0x00000000d5670830}> (0x00000000d5670830) 
thrown [s\src\hotspot\share\prims\jni.cpp, line 520]
Event: 36.025 Thread 0x000001967cc65ed0 Exception <a 'java/lang/IncompatibleClassChangeError'{0x00000000d5630208}: Found class java.lang.Object, but interface was expected> (0x00000000d5630208) 
thrown [s\src\hotspot\share\interpreter\linkResolver.cpp, line 840]
Event: 36.030 Thread 0x000001967b79e420 Exception <a 'sun/nio/fs/WindowsException'{0x00000000d558ac88}> (0x00000000d558ac88) 
thrown [s\src\hotspot\share\prims\jni.cpp, line 520]
Event: 36.030 Thread 0x000001967b79e420 Exception <a 'sun/nio/fs/WindowsException'{0x00000000d55b3470}> (0x00000000d55b3470) 
thrown [s\src\hotspot\share\prims\jni.cpp, line 520]
Event: 36.030 Thread 0x000001967b79e420 Exception <a 'sun/nio/fs/WindowsException'{0x00000000d55c6340}> (0x00000000d55c6340) 
thrown [s\src\hotspot\share\prims\jni.cpp, line 520]
Event: 36.031 Thread 0x000001967b79e420 Exception <a 'sun/nio/fs/WindowsException'{0x00000000d55f1c08}> (0x00000000d55f1c08) 
thrown [s\src\hotspot\share\prims\jni.cpp, line 520]
Event: 36.031 Thread 0x000001967b79e420 Exception <a 'sun/nio/fs/WindowsException'{0x00000000d5608c88}> (0x00000000d5608c88) 
thrown [s\src\hotspot\share\prims\jni.cpp, line 520]
Event: 36.031 Thread 0x000001967b79e420 Exception <a 'sun/nio/fs/WindowsException'{0x00000000d5617f08}> (0x00000000d5617f08) 
thrown [s\src\hotspot\share\prims\jni.cpp, line 520]
Event: 36.038 Thread 0x000001967b79e420 Exception <a 'sun/nio/fs/WindowsException'{0x00000000d5601a68}> (0x00000000d5601a68) 
thrown [s\src\hotspot\share\prims\jni.cpp, line 520]
Event: 36.038 Thread 0x000001967b79e420 Exception <a 'sun/nio/fs/WindowsException'{0x00000000d560abf8}> (0x00000000d560abf8) 
thrown [s\src\hotspot\share\prims\jni.cpp, line 520]
Event: 36.181 Thread 0x0000019676bb1930 Exception <a 'java/lang/IncompatibleClassChangeError'{0x00000000d5974b88}: Found class java.lang.Object, but interface was expected> (0x00000000d5974b88) 
thrown [s\src\hotspot\share\interpreter\linkResolver.cpp, line 840]
Event: 36.310 Thread 0x0000019676bb1930 Implicit null exception at 0x00000196278c642c to 0x00000196278c78a4
Event: 36.314 Thread 0x0000019676bb1930 Implicit null exception at 0x0000019627b2ab20 to 0x0000019627b2b360
Event: 102.417 Thread 0x000001967cece520 Exception <a 'java/lang/NoSuchMethodError'{0x00000000d5851108}: 'java.lang.Object java.lang.invoke.DirectMethodHandle$Holder.invokeSpecial(java.lang.Object, java.lang.Object, int, long)'> (0x00000000d5851108) 
thrown [s\src\hotspot\share\interpreter\linkResolver.cpp, line 773]
Event: 113.320 Thread 0x000001967cc65ed0 Exception <a 'java/lang/IncompatibleClassChangeError'{0x00000000d5684fb8}: Found class java.lang.Object, but interface was expected> (0x00000000d5684fb8) 
thrown [s\src\hotspot\share\interpreter\linkResolver.cpp, line 840]
Event: 113.648 Thread 0x000001967cc65ed0 Exception <a 'java/lang/IncompatibleClassChangeError'{0x00000000d56ff0b8}: Found class java.lang.Object, but interface was expected> (0x00000000d56ff0b8) 
thrown [s\src\hotspot\share\interpreter\linkResolver.cpp, line 840]
Event: 113.756 Thread 0x000001967b7a18a0 Exception <a 'java/lang/NoSuchMethodError'{0x00000000d5706ed0}: 'int java.lang.invoke.Invokers$Holder.invokeExact_MT(java.lang.Object, java.lang.Object)'> (0x00000000d5706ed0) 
thrown [s\src\hotspot\share\interpreter\linkResolver.cpp, line 773]
Event: 115.986 Thread 0x000001967cc65ed0 Exception <a 'java/lang/IncompatibleClassChangeError'{0x00000000d5598a18}: Found class java.lang.Object, but interface was expected> (0x00000000d5598a18) 
thrown [s\src\hotspot\share\interpreter\linkResolver.cpp, line 840]
Event: 115.987 Thread 0x000001967cc65ed0 Exception <a 'java/lang/IncompatibleClassChangeError'{0x00000000d55a8cc8}: Found class java.lang.Object, but interface was expected> (0x00000000d55a8cc8) 
thrown [s\src\hotspot\share\interpreter\linkResolver.cpp, line 840]

ZGC Phase Switch (0 events):
No events

VM Operations (20 events):
Event: 106.792 Executing safepoint VM operation: Cleanup done
Event: 113.729 Executing safepoint VM operation: ParallelGCFailedAllocation (Allocation Failure)
Event: 113.731 Executing safepoint VM operation: ParallelGCFailedAllocation (Allocation Failure) done
Event: 113.792 Executing safepoint VM operation: ParallelGCFailedAllocation (Allocation Failure)
Event: 113.795 Executing safepoint VM operation: ParallelGCFailedAllocation (Allocation Failure) done
Event: 114.798 Executing safepoint VM operation: Cleanup
Event: 114.845 Executing safepoint VM operation: Cleanup done
Event: 114.972 Executing safepoint VM operation: ParallelGCFailedAllocation (Allocation Failure)
Event: 115.985 Executing safepoint VM operation: ParallelGCFailedAllocation (Allocation Failure) done
Event: 116.996 Executing safepoint VM operation: Cleanup
Event: 116.996 Executing safepoint VM operation: Cleanup done
Event: 118.135 Executing safepoint VM operation: ParallelGCFailedAllocation (Allocation Failure)
Event: 118.138 Executing safepoint VM operation: ParallelGCFailedAllocation (Allocation Failure) done
Event: 118.171 Executing safepoint VM operation: ParallelGCFailedAllocation (Allocation Failure)
Event: 118.183 Executing safepoint VM operation: ParallelGCFailedAllocation (Allocation Failure) done
Event: 118.183 Executing non-safepoint VM operation: HandshakeAllThreads (Deoptimize)
Event: 118.183 Executing non-safepoint VM operation: HandshakeAllThreads (Deoptimize) done
Event: 118.218 Executing safepoint VM operation: ParallelGCFailedAllocation (Allocation Failure)
Event: 119.243 Executing safepoint VM operation: ParallelGCFailedAllocation (Allocation Failure) done
Event: 120.205 Executing non-safepoint VM operation: HandshakeAllThreads (HandshakeForDeflation)

Memory protections (0 events):
No events

Nmethod flushes (20 events):
Event: 11.764 Thread 0x000001961c111b00 flushing  nmethod 0x000001961fcfc110
Event: 11.764 Thread 0x000001961c111b00 flushing  nmethod 0x000001961fcfee10
Event: 11.764 Thread 0x000001961c111b00 flushing  nmethod 0x000001961fcffe90
Event: 11.764 Thread 0x000001961c111b00 flushing  nmethod 0x000001961fd00d90
Event: 11.764 Thread 0x000001961c111b00 flushing  nmethod 0x000001961fd01390
Event: 11.764 Thread 0x000001961c111b00 flushing  nmethod 0x000001961fd01c10
Event: 11.764 Thread 0x000001961c111b00 flushing  nmethod 0x000001961fd01f90
Event: 11.764 Thread 0x000001961c111b00 flushing  nmethod 0x000001961fd03d90
Event: 11.764 Thread 0x000001961c111b00 flushing  nmethod 0x000001961fd0d290
Event: 11.764 Thread 0x000001961c111b00 flushing  nmethod 0x000001961fd11d10
Event: 11.764 Thread 0x000001961c111b00 flushing  nmethod 0x000001961fd23090
Event: 11.764 Thread 0x000001961c111b00 flushing  nmethod 0x000001961fd4a190
Event: 11.764 Thread 0x000001961c111b00 flushing  nmethod 0x000001961fd67190
Event: 11.764 Thread 0x000001961c111b00 flushing  nmethod 0x000001961fd9fb10
Event: 11.764 Thread 0x000001961c111b00 flushing  nmethod 0x000001961fdac810
Event: 11.764 Thread 0x000001961c111b00 flushing  nmethod 0x000001961fdafb90
Event: 11.764 Thread 0x000001961c111b00 flushing  nmethod 0x000001961fdaff90
Event: 11.764 Thread 0x000001961c111b00 flushing  nmethod 0x000001961fdbb990
Event: 11.764 Thread 0x000001961c111b00 flushing  nmethod 0x000001961fdd0310
Event: 11.764 Thread 0x000001961c111b00 flushing  nmethod 0x000001961fdd6110

Events (20 events):
Event: 96.113 Thread 0x000001967cc62a50 Thread exited: 0x000001967cc62a50
Event: 96.548 Thread 0x000001967b79e420 Thread exited: 0x000001967b79e420
Event: 103.098 Thread 0x000001961c12e8e0 Thread added: 0x000001960a964e80
Event: 103.149 Thread 0x0000019674e99890 Thread added: 0x000001960a9647b0
Event: 105.077 Thread 0x000001960a964e80 Thread exited: 0x000001960a964e80
Event: 105.091 Thread 0x0000019674e99890 Thread added: 0x000001960a965c20
Event: 105.576 Thread 0x000001967cecbdc0 Thread added: 0x000001967b135dc0
Event: 105.577 Thread 0x000001960a965c20 Thread exited: 0x000001960a965c20
Event: 105.601 Thread 0x000001960a9647b0 Thread exited: 0x000001960a9647b0
Event: 105.603 Thread 0x000001961c12e8e0 Thread added: 0x000001960a9647b0
Event: 105.799 Thread 0x0000019674e99890 Thread added: 0x000001960a964e80
Event: 110.803 Thread 0x000001960a964e80 Thread exited: 0x000001960a964e80
Event: 110.976 Thread 0x000001960a9647b0 Thread exited: 0x000001960a9647b0
Event: 113.780 Thread 0x0000019674e99890 Thread added: 0x000001960a9647b0
Event: 114.923 Thread 0x0000019674e99890 Thread added: 0x000001960a964e80
Event: 115.990 Thread 0x000001960a964e80 Thread exited: 0x000001960a964e80
Event: 118.079 Thread 0x0000019674e99890 Thread added: 0x000001960a964e80
Event: 118.079 Thread 0x0000019674e99890 Thread added: 0x000001960a9662f0
Event: 118.079 Thread 0x0000019674e99890 Thread added: 0x000001960a965c20
Event: 119.297 Thread 0x000001967b7a18a0 Thread added: 0x000001967b13ac80


Dynamic libraries:
0x00007ff671910000 - 0x00007ff67191e000 	c:\Users\Nam Thang\.vscode\extensions\redhat.java-1.54.0-win32-x64\jre\21.0.10-win32-x86_64\bin\java.exe
0x00007ff93e060000 - 0x00007ff93e2c7000 	C:\WINDOWS\SYSTEM32\ntdll.dll
0x00007ff93cb90000 - 0x00007ff93cc59000 	C:\WINDOWS\System32\KERNEL32.DLL
0x00007ff93afc0000 - 0x00007ff93b3b7000 	C:\WINDOWS\System32\KERNELBASE.dll
0x00007ff93aa90000 - 0x00007ff93abdb000 	C:\WINDOWS\System32\ucrtbase.dll
0x00007ff92aa60000 - 0x00007ff92aa7e000 	c:\Users\Nam Thang\.vscode\extensions\redhat.java-1.54.0-win32-x64\jre\21.0.10-win32-x86_64\bin\VCRUNTIME140.dll
0x00007ff90cdc0000 - 0x00007ff90cdd8000 	c:\Users\Nam Thang\.vscode\extensions\redhat.java-1.54.0-win32-x64\jre\21.0.10-win32-x86_64\bin\jli.dll
0x00007ff93d730000 - 0x00007ff93d8f6000 	C:\WINDOWS\System32\USER32.dll
0x00007ff91ade0000 - 0x00007ff91b072000 	C:\WINDOWS\WinSxS\amd64_microsoft.windows.common-controls_6595b64144ccf1df_6.0.26100.8457_none_3e0b2faee331e92d\COMCTL32.dll
0x00007ff93bc30000 - 0x00007ff93bc57000 	C:\WINDOWS\System32\win32u.dll
0x00007ff93cf00000 - 0x00007ff93cfa9000 	C:\WINDOWS\System32\msvcrt.dll
0x00007ff93ced0000 - 0x00007ff93cefb000 	C:\WINDOWS\System32\GDI32.dll
0x00007ff93aca0000 - 0x00007ff93adcc000 	C:\WINDOWS\System32\gdi32full.dll
0x00007ff93af10000 - 0x00007ff93afb3000 	C:\WINDOWS\System32\msvcp_win.dll
0x00007ff93cb50000 - 0x00007ff93cb82000 	C:\WINDOWS\System32\IMM32.DLL
0x00007ff92b0c0000 - 0x00007ff92b0cc000 	c:\Users\Nam Thang\.vscode\extensions\redhat.java-1.54.0-win32-x64\jre\21.0.10-win32-x86_64\bin\vcruntime140_1.dll
0x00007ff8e3950000 - 0x00007ff8e39dd000 	c:\Users\Nam Thang\.vscode\extensions\redhat.java-1.54.0-win32-x64\jre\21.0.10-win32-x86_64\bin\msvcp140.dll
0x00007ff87c670000 - 0x00007ff87d411000 	c:\Users\Nam Thang\.vscode\extensions\redhat.java-1.54.0-win32-x64\jre\21.0.10-win32-x86_64\bin\server\jvm.dll
0x00007ff93dcc0000 - 0x00007ff93dd76000 	C:\WINDOWS\System32\ADVAPI32.dll
0x00007ff93dc10000 - 0x00007ff93dcb7000 	C:\WINDOWS\System32\sechost.dll
0x00007ff93ccf0000 - 0x00007ff93ce08000 	C:\WINDOWS\System32\RPCRT4.dll
0x00007ff93c420000 - 0x00007ff93c4a0000 	C:\WINDOWS\System32\WS2_32.dll
0x00007ff93a8f0000 - 0x00007ff93a94e000 	C:\WINDOWS\SYSTEM32\POWRPROF.dll
0x00007ff92e8e0000 - 0x00007ff92e8eb000 	C:\WINDOWS\SYSTEM32\VERSION.dll
0x00007ff92ea80000 - 0x00007ff92eab6000 	C:\WINDOWS\SYSTEM32\WINMM.dll
0x00007ff93a8d0000 - 0x00007ff93a8e4000 	C:\WINDOWS\SYSTEM32\UMPDC.dll
0x00007ff939820000 - 0x00007ff93983b000 	C:\WINDOWS\SYSTEM32\kernel.appcore.dll
0x00007ff92ae80000 - 0x00007ff92ae8a000 	c:\Users\Nam Thang\.vscode\extensions\redhat.java-1.54.0-win32-x64\jre\21.0.10-win32-x86_64\bin\jimage.dll
0x00007ff938140000 - 0x00007ff938382000 	C:\WINDOWS\SYSTEM32\DBGHELP.DLL
0x00007ff93bde0000 - 0x00007ff93c163000 	C:\WINDOWS\System32\combase.dll
0x00007ff93d910000 - 0x00007ff93d9e9000 	C:\WINDOWS\System32\OLEAUT32.dll
0x00007ff9276f0000 - 0x00007ff92772b000 	C:\WINDOWS\SYSTEM32\dbgcore.DLL
0x00007ff93add0000 - 0x00007ff93ae78000 	C:\WINDOWS\System32\bcryptPrimitives.dll
0x00007ff91a630000 - 0x00007ff91a63f000 	c:\Users\Nam Thang\.vscode\extensions\redhat.java-1.54.0-win32-x64\jre\21.0.10-win32-x86_64\bin\instrument.dll
0x00007ff901bd0000 - 0x00007ff901bf0000 	c:\Users\Nam Thang\.vscode\extensions\redhat.java-1.54.0-win32-x64\jre\21.0.10-win32-x86_64\bin\java.dll
0x00007ff93cfb0000 - 0x00007ff93d71e000 	C:\WINDOWS\System32\SHELL32.dll
0x00007ff93b3c0000 - 0x00007ff93bc2c000 	C:\WINDOWS\System32\windows.storage.dll
0x00007ff93c5c0000 - 0x00007ff93c6b6000 	C:\WINDOWS\System32\SHCORE.dll
0x00007ff93c310000 - 0x00007ff93c376000 	C:\WINDOWS\System32\shlwapi.dll
0x00007ff93a9b0000 - 0x00007ff93a9d9000 	C:\WINDOWS\SYSTEM32\profapi.dll
0x00007ff9008e0000 - 0x00007ff9008f8000 	c:\Users\Nam Thang\.vscode\extensions\redhat.java-1.54.0-win32-x64\jre\21.0.10-win32-x86_64\bin\zip.dll
0x00007ff916ae0000 - 0x00007ff916af0000 	C:\Users\Nam Thang\.vscode\extensions\redhat.java-1.54.0-win32-x64\jre\21.0.10-win32-x86_64\bin\net.dll
0x00007ff9342d0000 - 0x00007ff9343f9000 	C:\WINDOWS\SYSTEM32\WINHTTP.dll
0x00007ff939d90000 - 0x00007ff939dfc000 	C:\WINDOWS\system32\mswsock.dll
0x00007ff900f80000 - 0x00007ff900f96000 	C:\Users\Nam Thang\.vscode\extensions\redhat.java-1.54.0-win32-x64\jre\21.0.10-win32-x86_64\bin\nio.dll
0x00007ff90d0f0000 - 0x00007ff90d100000 	c:\Users\Nam Thang\.vscode\extensions\redhat.java-1.54.0-win32-x64\jre\21.0.10-win32-x86_64\bin\verify.dll
0x00007ff8e4ce0000 - 0x00007ff8e4d25000 	C:\Users\Nam Thang\AppData\Roaming\Code\User\globalStorage\redhat.java\1.54.0\config_win\org.eclipse.equinox.launcher\org.eclipse.equinox.launcher.win32.win32.x86_64_1.3.0.v20260203-2149\eclipse_11919.dll
0x00007ff93c170000 - 0x00007ff93c307000 	C:\WINDOWS\System32\ole32.dll
0x00007ff909580000 - 0x00007ff90958a000 	C:\Users\Nam Thang\.vscode\extensions\redhat.java-1.54.0-win32-x64\jre\21.0.10-win32-x86_64\bin\management.dll
0x00007ff908b40000 - 0x00007ff908b4c000 	C:\Users\Nam Thang\.vscode\extensions\redhat.java-1.54.0-win32-x64\jre\21.0.10-win32-x86_64\bin\management_ext.dll
0x00007ff93d900000 - 0x00007ff93d908000 	C:\WINDOWS\System32\PSAPI.DLL
0x00007ff93a070000 - 0x00007ff93a08b000 	C:\WINDOWS\SYSTEM32\CRYPTSP.dll
0x00007ff939780000 - 0x00007ff9397b9000 	C:\WINDOWS\system32\rsaenh.dll
0x00007ff939e40000 - 0x00007ff939e73000 	C:\WINDOWS\SYSTEM32\USERENV.dll
0x00007ff93a980000 - 0x00007ff93a9aa000 	C:\WINDOWS\SYSTEM32\bcrypt.dll
0x00007ff93a090000 - 0x00007ff93a09c000 	C:\WINDOWS\SYSTEM32\CRYPTBASE.dll
0x00007ff939380000 - 0x00007ff9393b2000 	C:\WINDOWS\SYSTEM32\IPHLPAPI.DLL
0x00007ff93dd80000 - 0x00007ff93dd8a000 	C:\WINDOWS\System32\NSI.dll
0x00007ff8dac00000 - 0x00007ff8dac49000 	C:\Users\Nam Thang\AppData\Local\Temp\jna-1251907616\jna18363645325895101336.dll
0x00007ff934610000 - 0x00007ff93462d000 	C:\WINDOWS\SYSTEM32\dhcpcsvc6.DLL
0x00007ff9345c0000 - 0x00007ff9345e5000 	C:\WINDOWS\SYSTEM32\dhcpcsvc.DLL
0x00007ff9011b0000 - 0x00007ff9011be000 	C:\Users\Nam Thang\.vscode\extensions\redhat.java-1.54.0-win32-x64\jre\21.0.10-win32-x86_64\bin\sunmscapi.dll
0x00007ff93bc60000 - 0x00007ff93bdd8000 	C:\WINDOWS\System32\CRYPT32.dll
0x00007ff93a290000 - 0x00007ff93a2c0000 	C:\WINDOWS\SYSTEM32\ncrypt.dll
0x00007ff93a240000 - 0x00007ff93a27f000 	C:\WINDOWS\SYSTEM32\NTASN1.dll
0x00007ff9393c0000 - 0x00007ff9394f2000 	C:\WINDOWS\SYSTEM32\DNSAPI.dll
0x00007ff92e8f0000 - 0x00007ff92e8fb000 	C:\Windows\System32\rasadhlp.dll
0x00007ff9349b0000 - 0x00007ff934a36000 	C:\WINDOWS\System32\fwpuclnt.dll
0x00007ff900790000 - 0x00007ff900799000 	C:\Users\Nam Thang\.vscode\extensions\redhat.java-1.54.0-win32-x64\jre\21.0.10-win32-x86_64\bin\extnet.dll
0x00007ff939940000 - 0x00007ff939976000 	C:\WINDOWS\SYSTEM32\ntmarta.dll

JVMTI agents:
c:\Users\Nam Thang\.vscode\extensions\redhat.java-1.54.0-win32-x64\lombok\lombok-1.18.39-4050.jar path:c:\Users\Nam Thang\.vscode\extensions\redhat.java-1.54.0-win32-x64\jre\21.0.10-win32-x86_64\bin\instrument.dll, loaded, initialized, instrumentlib options:none

dbghelp: loaded successfully - version: 4.0.5 - missing functions: none
symbol engine: initialized successfully - sym options: 0x614 - pdb path: .;c:\Users\Nam Thang\.vscode\extensions\redhat.java-1.54.0-win32-x64\jre\21.0.10-win32-x86_64\bin;C:\WINDOWS\SYSTEM32;C:\WINDOWS\WinSxS\amd64_microsoft.windows.common-controls_6595b64144ccf1df_6.0.26100.8457_none_3e0b2faee331e92d;c:\Users\Nam Thang\.vscode\extensions\redhat.java-1.54.0-win32-x64\jre\21.0.10-win32-x86_64\bin\server;C:\Users\Nam Thang\AppData\Roaming\Code\User\globalStorage\redhat.java\1.54.0\config_win\org.eclipse.equinox.launcher\org.eclipse.equinox.launcher.win32.win32.x86_64_1.3.0.v20260203-2149;C:\Users\Nam Thang\AppData\Local\Temp\jna-1251907616

VM Arguments:
jvm_args: --add-modules=ALL-SYSTEM --add-opens=java.base/java.util=ALL-UNNAMED --add-opens=java.base/java.lang=ALL-UNNAMED --add-opens=java.base/sun.nio.fs=ALL-UNNAMED -Declipse.application=org.eclipse.jdt.ls.core.id1 -Dosgi.bundles.defaultStartLevel=4 -Declipse.product=org.eclipse.jdt.ls.core.product -Djava.import.generatesMetadataFilesAtProjectRoot=false -DDetectVMInstallationsJob.disabled=true -Dfile.encoding=utf8 -XX:+UseParallelGC -XX:GCTimeRatio=4 -XX:AdaptiveSizePolicyWeight=90 -Dsun.zip.disableMemoryMapping=true -Xmx2G -Xms100m -Xlog:disable -javaagent:c:\Users\Nam Thang\.vscode\extensions\redhat.java-1.54.0-win32-x64\lombok\lombok-1.18.39-4050.jar -XX:+HeapDumpOnOutOfMemoryError -XX:HeapDumpPath=c:\Users\Nam Thang\AppData\Roaming\Code\User\workspaceStorage\79aa45896517b3f7a4f8120da649a138\redhat.java -Daether.dependencyCollector.impl=bf 
java_command: c:\Users\Nam Thang\.vscode\extensions\redhat.java-1.54.0-win32-x64\server\plugins\org.eclipse.equinox.launcher_1.7.100.v20251111-0406.jar -configuration c:\Users\Nam Thang\AppData\Roaming\Code\User\globalStorage\redhat.java\1.54.0\config_win -data c:\Users\Nam Thang\AppData\Roaming\Code\User\workspaceStorage\79aa45896517b3f7a4f8120da649a138\redhat.java\jdt_ws --pipe=\\.\pipe\lsp-ffbea61e6150d9b3f8be5206f74916d5-sock
java_class_path (initial): c:\Users\Nam Thang\.vscode\extensions\redhat.java-1.54.0-win32-x64\server\plugins\org.eclipse.equinox.launcher_1.7.100.v20251111-0406.jar
Launcher Type: SUN_STANDARD

[Global flags]
    uintx AdaptiveSizePolicyWeight                 = 90                                        {product} {command line}
     intx CICompilerCount                          = 12                                        {product} {ergonomic}
    uintx GCTimeRatio                              = 4                                         {product} {command line}
     bool HeapDumpOnOutOfMemoryError               = true                                   {manageable} {command line}
    ccstr HeapDumpPath                             = c:\Users\Nam Thang\AppData\Roaming\Code\User\workspaceStorage\79aa45896517b3f7a4f8120da649a138\redhat.java         {manageable} {command line}
   size_t InitialHeapSize                          = 104857600                                 {product} {command line}
   size_t MaxHeapSize                              = 2147483648                                {product} {command line}
   size_t MaxNewSize                               = 715653120                                 {product} {ergonomic}
   size_t MinHeapDeltaBytes                        = 524288                                    {product} {ergonomic}
   size_t MinHeapSize                              = 104857600                                 {product} {command line}
   size_t NewSize                                  = 34603008                                  {product} {ergonomic}
    uintx NonNMethodCodeHeapSize                   = 7602480                                {pd product} {ergonomic}
    uintx NonProfiledCodeHeapSize                  = 122027880                              {pd product} {ergonomic}
   size_t OldSize                                  = 70254592                                  {product} {ergonomic}
    uintx ProfiledCodeHeapSize                     = 122027880                              {pd product} {ergonomic}
    uintx ReservedCodeCacheSize                    = 251658240                              {pd product} {ergonomic}
     bool SegmentedCodeCache                       = true                                      {product} {ergonomic}
   size_t SoftMaxHeapSize                          = 2147483648                             {manageable} {ergonomic}
     bool UseCompressedOops                        = true                           {product lp64_product} {ergonomic}
     bool UseLargePagesIndividualAllocation        = false                                  {pd product} {ergonomic}
     bool UseParallelGC                            = true                                      {product} {command line}

Logging:
Log output configuration:
 #0: stdout all=off uptime,level,tags foldmultilines=false
 #1: stderr all=off uptime,level,tags foldmultilines=false

Release file:
JAVA_VERSION="21.0.10" 
MODULES="java.base java.compiler java.datatransfer java.xml java.prefs java.desktop java.instrument java.logging java.management java.security.sasl java.naming java.rmi java.management.rmi java.net.http java.scripting java.security.jgss java.transaction.xa java.sql java.sql.rowset java.xml.crypto java.se java.smartcardio jdk.accessibility jdk.internal.jvmstat jdk.attach jdk.charsets jdk.internal.opt jdk.zipfs jdk.compiler jdk.crypto.ec jdk.crypto.cryptoki jdk.crypto.mscapi jdk.dynalink jdk.internal.ed jdk.editpad jdk.hotspot.agent jdk.httpserver jdk.internal.le jdk.internal.vm.ci jdk.internal.vm.compiler jdk.internal.vm.compiler.management jdk.jartool jdk.javadoc jdk.jcmd jdk.management jdk.management.agent jdk.jconsole jdk.jdeps jdk.jdwp.agent jdk.jdi jdk.jfr jdk.jshell jdk.jsobject jdk.jstatd jdk.localedata jdk.management.jfr jdk.naming.dns jdk.naming.rmi jdk.net jdk.nio.mapmode jdk.random jdk.sctp jdk.security.auth jdk.security.jgss jdk.unsupported jdk.unsupported.desktop jdk.xml.dom" 

Environment Variables:
PATH=C:\Program Files\Common Files\Oracle\Java\javapath;C:\Program Files (x86)\Common Files\Oracle\Java\javapath;C:\Windows\system32;C:\Windows;C:\Windows\System32\Wbem;C:\Windows\System32\WindowsPowerShell\v1.0\;C:\Windows\System32\OpenSSH\;C:\Program Files (x86)\NVIDIA Corporation\PhysX\Common;C:\Program Files\NVIDIA Corporation\NVIDIA NvDLISR;C:\Program Files\dotnet\;C:\WINDOWS\system32;C:\WINDOWS;C:\WINDOWS\System32\Wbem;C:\WINDOWS\System32\WindowsPowerShell\v1.0\;C:\WINDOWS\System32\OpenSSH\;C:\MinGW\bin;C:\Program Files\Java\jdk1.8.0_202\bin;D:\WED201c\Microsoft VS Code\bin;C:\Program Files (x86)\Microsoft SQL Server\160\Tools\Binn\;C:\Program Files\Microsoft SQL Server\160\Tools\Binn\;C:\Program Files\Microsoft SQL Server\Client SDK\ODBC\170\Tools\Binn\;C:\Program Files\Microsoft SQL Server\160\DTS\Binn\;C:\Program Files (x86)\Microsoft SQL Server\160\DTS\Binn\;D:\PRJ301\Git\cmd;C:\Program Files\Cloudflare\Cloudflare WARP\;D:\SWP\;C:\Program Files\MySQL\MySQL Shell 8.0\bin\;C:\Users\Nam Thang\AppData\Local\Microsoft\WindowsApps;D:\Microsoft VS Code\bin;E:\IntelliJ IDEA 2026.1.1\bin;C:\Users\Nam Thang\AppData\Roaming\npm;C:\Users\Nam Thang\AppData\Local\Python\pythoncore-3.14-64\Scripts;E:\;E:\Antigravity IDE\bin
USERNAME=Nam Thang
OS=Windows_NT
PROCESSOR_IDENTIFIER=AMD64 Family 25 Model 68 Stepping 1, AuthenticAMD
TMP=C:\Users\NAMTHA~1\AppData\Local\Temp
TEMP=C:\Users\NAMTHA~1\AppData\Local\Temp




Periodic native trim disabled

---------------  S Y S T E M  ---------------

OS:
 Windows 11 , 64 bit Build 26100 (10.0.26100.8328)
OS uptime: 0 days 15:46 hours

CPU: total 16 (initial active 16) (16 cores per cpu, 2 threads per core) family 25 model 68 stepping 1 microcode 0xa404107, cx8, cmov, fxsr, ht, mmx, 3dnowpref, sse, sse2, sse3, ssse3, sse4a, sse4.1, sse4.2, popcnt, lzcnt, tsc, tscinvbit, avx, avx2, aes, erms, clmul, bmi1, bmi2, adx, sha, fma, vzeroupper, clflush, clflushopt, rdtscp, rdpid, fsrm, f16c, pku, cet_ss
Processor Information for the first 16 processors :
  Max Mhz: 3201, Current Mhz: 2502, Mhz Limit: 3201

Memory: 4k page, system-wide physical 15610M (499M free)
TotalPageFile size 38091M (AvailPageFile size 31M)
current process WorkingSet (physical memory assigned to process): 1212M, peak: 1249M
current process commit charge ("private bytes"): 1319M, peak: 1333M

vm_info: OpenJDK 64-Bit Server VM (21.0.10+7-LTS) for windows-amd64 JRE (21.0.10+7-LTS), built on 2026-01-20T00:00:00Z by "admin" with MS VC++ 17.12 (VS2022)

END.
